<html>
<body>
<pre>
<h1>µVision Build Log</h1>
<h2>Tool Versions:</h2>
IDE-Version: µVision V5.16a
Copyright (C) 2015 ARM Ltd and ARM Germany GmbH. All rights reserved.
License Information: Wilfried Lucha, FH Campus Wien, LIC=----
 
Tool Versions:
Toolchain:       MDK-Lite  Version: 5.16a
Toolchain Path:  C:\Keil_v5\ARM\ARMCC\Bin
C Compiler:      Armcc.exe V5.06 (build 20)
Assembler:       Armasm.exe V5.06 (build 20)
Linker/Locator:  ArmLink.exe V5.06 (build 20)
Library Manager: ArmAr.exe V5.06 (build 20)
Hex Converter:   FromElf.exe V5.06 (build 20)
CPU DLL:         SARMCM3.DLL V5.16a
Dialog DLL:      DCM.DLL V1.13.2.0
Target DLL:      STLink\ST-LINKIII-KEIL_SWO.dll V2.0.17.0
Dialog DLL:      TCM.DLL V1.14.5.0
 
<h2>Project:</h2>
C:\Users\Wilfried\Google Drive\FH Campus Wien\4. Semester\Workshop Alex Dean\PROJEKT\Keil Projekte\GPS (1).NEO6M - GPS Modul (NMEA Final) FINAL VERSION\Project.uvprojx
Project File Date:  05/24/2016

<h2>Output:</h2>
*** Using Compiler 'V5.06 (build 20)', folder: 'C:\Keil_v5\ARM\ARMCC\Bin'
Rebuild target 'Nucleo STM32F411RE'
assembling startup_stm32f411xe.s...
compiling system_stm32f4xx.c...
compiling main.c...
compiling stm32f4xx_syscfg.c...
compiling stm32f4xx_nvic.c...
compiling stm32f4xx_usart.c...
compiling stm32f4xx_gpio.c...
compiling stm32f4xx_exti.c...
compiling stm32f4xx_spi.c...
compiling stm32f4xx_rcc.c...
compiling stm32f411_mcuRedirect.c...
compiling stm32f4xx_it.c...
compiling stm32f411_mcuDevice.c...
compiling stm32f411_stdFunctions.c...
compiling stm32f411_dspInterface.c...
compiling stm32f411_dspDevice.c...
compiling stm32f411_gpsCoordinates.c...
compiling stm32f411_gpsDevice.c...
linking...
Program Size: Code=20598 RO-data=8058 RW-data=84 ZI-data=1236  
".\Executable\Nucleo STM32F411RE.axf" - 0 Error(s), 0 Warning(s).

<h2>Collection of Component include folders:</h2>
  C:\Users\Wilfried\Google Drive\FH Campus Wien\4. Semester\Workshop Alex Dean\PROJEKT\Keil Projekte\GPS (1).NEO6M - GPS Modul (NMEA Final) FINAL VERSION\RTE
  C:\Keil_v5\ARM\PACK\Keil\STM32F4xx_DFP\2.5.0\Drivers\CMSIS\Device\ST\STM32F4xx\Include

<h2>Collection of Component Files used:</h2>
Build Time Elapsed:  00:00:12
</pre>
</body>
</html>
