Component: ARM Compiler 5.06 (build 20) Tool: armlink [4d35a3]

==============================================================================

Section Cross References

    main.o(i.main) refers to stm32f411_mcudevice.o(i.mcu_ClassConfig) for mcu_ClassConfig
    main.o(i.main) refers to stm32f411_dspdevice.o(i.dsp_ClassConfig) for dsp_ClassConfig
    main.o(i.main) refers to stm32f411_gpsdevice.o(i.gps_ClassConfig) for gps_ClassConfig
    startup_stm32f411xe.o(RESET) refers to startup_stm32f411xe.o(STACK) for __initial_sp
    startup_stm32f411xe.o(RESET) refers to startup_stm32f411xe.o(.text) for Reset_Handler
    startup_stm32f411xe.o(RESET) refers to stm32f4xx_it.o(i.NMI_Handler) for NMI_Handler
    startup_stm32f411xe.o(RESET) refers to stm32f4xx_it.o(i.HardFault_Handler) for HardFault_Handler
    startup_stm32f411xe.o(RESET) refers to stm32f4xx_it.o(i.MemManage_Handler) for MemManage_Handler
    startup_stm32f411xe.o(RESET) refers to stm32f4xx_it.o(i.BusFault_Handler) for BusFault_Handler
    startup_stm32f411xe.o(RESET) refers to stm32f4xx_it.o(i.UsageFault_Handler) for UsageFault_Handler
    startup_stm32f411xe.o(RESET) refers to stm32f4xx_it.o(i.SVC_Handler) for SVC_Handler
    startup_stm32f411xe.o(RESET) refers to stm32f4xx_it.o(i.DebugMon_Handler) for DebugMon_Handler
    startup_stm32f411xe.o(RESET) refers to stm32f4xx_it.o(i.PendSV_Handler) for PendSV_Handler
    startup_stm32f411xe.o(RESET) refers to stm32f4xx_it.o(i.SysTick_Handler) for SysTick_Handler
    startup_stm32f411xe.o(RESET) refers to stm32f4xx_it.o(i.EXTI15_10_IRQHandler) for EXTI15_10_IRQHandler
    startup_stm32f411xe.o(RESET) refers to stm32f411_gpsdevice.o(i.USART6_IRQHandler) for USART6_IRQHandler
    startup_stm32f411xe.o(.text) refers to system_stm32f4xx.o(i.SystemInit) for SystemInit
    startup_stm32f411xe.o(.text) refers to entry.o(.ARM.Collect$$$$00000000) for __main
    system_stm32f4xx.o(i.SystemCoreClockUpdate) refers to system_stm32f4xx.o(.data) for .data
    stm32f4xx_syscfg.o(i.SYSCFG_DeInit) refers to stm32f4xx_rcc.o(i.RCC_APB2PeriphResetCmd) for RCC_APB2PeriphResetCmd
    stm32f4xx_usart.o(i.USART_DeInit) refers to stm32f4xx_rcc.o(i.RCC_APB2PeriphResetCmd) for RCC_APB2PeriphResetCmd
    stm32f4xx_usart.o(i.USART_DeInit) refers to stm32f4xx_rcc.o(i.RCC_APB1PeriphResetCmd) for RCC_APB1PeriphResetCmd
    stm32f4xx_usart.o(i.USART_Init) refers to stm32f4xx_rcc.o(i.RCC_GetClocksFreq) for RCC_GetClocksFreq
    stm32f4xx_gpio.o(i.GPIO_DeInit) refers to stm32f4xx_rcc.o(i.RCC_AHB1PeriphResetCmd) for RCC_AHB1PeriphResetCmd
    stm32f4xx_rcc.o(i.RCC_GetClocksFreq) refers to stm32f4xx_rcc.o(.data) for .data
    stm32f4xx_spi.o(i.SPI_I2S_DeInit) refers to stm32f4xx_rcc.o(i.RCC_APB1PeriphResetCmd) for RCC_APB1PeriphResetCmd
    stm32f4xx_spi.o(i.SPI_I2S_DeInit) refers to stm32f4xx_rcc.o(i.RCC_APB2PeriphResetCmd) for RCC_APB2PeriphResetCmd
    stm32f4xx_it.o(i.EXTI15_10_IRQHandler) refers to stm32f4xx_exti.o(i.EXTI_GetITStatus) for EXTI_GetITStatus
    stm32f4xx_it.o(i.EXTI15_10_IRQHandler) refers to stm32f411_mcudevice.o(i.delay_led) for delay_led
    stm32f4xx_it.o(i.EXTI15_10_IRQHandler) refers to stm32f4xx_exti.o(i.EXTI_ClearITPendingBit) for EXTI_ClearITPendingBit
    stm32f4xx_it.o(i.HardFault_Handler) refers to stm32f411_mcudevice.o(i.delay_led) for delay_led
    stm32f4xx_it.o(i.HardFault_Handler) refers to stm32f411_mcudevice.o(i.delay) for delay
    stm32f4xx_it.o(i.bugReport) refers to stm32f411_mcudevice.o(i.delay_led) for delay_led
    stm32f4xx_it.o(i.bugReport) refers to stm32f411_mcudevice.o(i.delay) for delay
    stm32f411_mcudevice.o(i.mcu_AccesConfig) refers to stm32f4xx_rcc.o(i.RCC_AHB1PeriphClockCmd) for RCC_AHB1PeriphClockCmd
    stm32f411_mcudevice.o(i.mcu_AccesConfig) refers to stm32f4xx_rcc.o(i.RCC_APB2PeriphClockCmd) for RCC_APB2PeriphClockCmd
    stm32f411_mcudevice.o(i.mcu_AccesConfig) refers to stm32f4xx_gpio.o(i.GPIO_Init) for GPIO_Init
    stm32f411_mcudevice.o(i.mcu_AccesConfig) refers to stm32f4xx_syscfg.o(i.SYSCFG_EXTILineConfig) for SYSCFG_EXTILineConfig
    stm32f411_mcudevice.o(i.mcu_AccesConfig) refers to stm32f4xx_exti.o(i.EXTI_Init) for EXTI_Init
    stm32f411_mcudevice.o(i.mcu_AccesConfig) refers to stm32f4xx_nvic.o(i.NVIC_Init) for NVIC_Init
    stm32f411_mcudevice.o(i.mcu_ClassConfig) refers to system_stm32f4xx.o(i.mcu_FloatConfig) for mcu_FloatConfig
    stm32f411_mcudevice.o(i.mcu_ClassConfig) refers to stm32f4xx_rcc.o(i.RCC_DeInit) for RCC_DeInit
    stm32f411_mcudevice.o(i.mcu_ClassConfig) refers to stm32f4xx_rcc.o(i.RCC_HSICmd) for RCC_HSICmd
    stm32f411_mcudevice.o(i.mcu_ClassConfig) refers to stm32f4xx_rcc.o(i.RCC_GetFlagStatus) for RCC_GetFlagStatus
    stm32f411_mcudevice.o(i.mcu_ClassConfig) refers to stm32f4xx_rcc.o(i.RCC_PLLConfig) for RCC_PLLConfig
    stm32f411_mcudevice.o(i.mcu_ClassConfig) refers to stm32f4xx_rcc.o(i.RCC_PLLCmd) for RCC_PLLCmd
    stm32f411_mcudevice.o(i.mcu_ClassConfig) refers to stm32f4xx_rcc.o(i.RCC_HCLKConfig) for RCC_HCLKConfig
[...]
    Removing stm32f4xx_rcc.o(.emb_text), (8 bytes).
    Removing stm32f4xx_rcc.o(i.RCC_AHB1PeriphClockLPModeCmd), (24 bytes).
    Removing stm32f4xx_rcc.o(i.RCC_AHB1PeriphResetCmd), (24 bytes).
    Removing stm32f4xx_rcc.o(i.RCC_AHB2PeriphClockCmd), (24 bytes).
    Removing stm32f4xx_rcc.o(i.RCC_AHB2PeriphClockLPModeCmd), (24 bytes).
    Removing stm32f4xx_rcc.o(i.RCC_AHB2PeriphResetCmd), (24 bytes).
    Removing stm32f4xx_rcc.o(i.RCC_AHB3PeriphClockCmd), (24 bytes).
    Removing stm32f4xx_rcc.o(i.RCC_AHB3PeriphClockLPModeCmd), (24 bytes).
    Removing stm32f4xx_rcc.o(i.RCC_AHB3PeriphResetCmd), (24 bytes).
    Removing stm32f4xx_rcc.o(i.RCC_APB1PeriphClockLPModeCmd), (24 bytes).
    Removing stm32f4xx_rcc.o(i.RCC_APB2PeriphClockLPModeCmd), (24 bytes).
    Removing stm32f4xx_rcc.o(i.RCC_AdjustHSICalibrationValue), (20 bytes).
    Removing stm32f4xx_rcc.o(i.RCC_BackupResetCmd), (12 bytes).
    Removing stm32f4xx_rcc.o(i.RCC_ClearFlag), (16 bytes).
    Removing stm32f4xx_rcc.o(i.RCC_ClearITPendingBit), (12 bytes).
    Removing stm32f4xx_rcc.o(i.RCC_ClockSecuritySystemCmd), (12 bytes).
    Removing stm32f4xx_rcc.o(i.RCC_GetITStatus), (20 bytes).
    Removing stm32f4xx_rcc.o(i.RCC_GetSYSCLKSource), (16 bytes).
    Removing stm32f4xx_rcc.o(i.RCC_HSEConfig), (16 bytes).
    Removing stm32f4xx_rcc.o(i.RCC_I2SCLKConfig), (12 bytes).
    Removing stm32f4xx_rcc.o(i.RCC_ITConfig), (24 bytes).
    Removing stm32f4xx_rcc.o(i.RCC_LSEConfig), (28 bytes).
    Removing stm32f4xx_rcc.o(i.RCC_LSICmd), (12 bytes).
    Removing stm32f4xx_rcc.o(i.RCC_MCO1Config), (20 bytes).
    Removing stm32f4xx_rcc.o(i.RCC_MCO2Config), (20 bytes).
    Removing stm32f4xx_rcc.o(i.RCC_PLLI2SCmd), (12 bytes).
    Removing stm32f4xx_rcc.o(i.RCC_PLLI2SConfig), (16 bytes).
    Removing stm32f4xx_rcc.o(i.RCC_RTCCLKCmd), (12 bytes).
    Removing stm32f4xx_rcc.o(i.RCC_RTCCLKConfig), (52 bytes).
    Removing stm32f4xx_rcc.o(i.RCC_WaitForHSEStartUp), (56 bytes).
    Removing stm32f4xx_spi.o(.emb_text), (8 bytes).
    Removing stm32f4xx_spi.o(i.I2S_Cmd), (18 bytes).
    Removing stm32f4xx_spi.o(i.I2S_FullDuplexConfig), (64 bytes).
    Removing stm32f4xx_spi.o(i.I2S_Init), (244 bytes).
    Removing stm32f4xx_spi.o(i.I2S_StructInit), (18 bytes).
    Removing stm32f4xx_spi.o(i.SPI_BiDirectionalLineConfig), (20 bytes).
    Removing stm32f4xx_spi.o(i.SPI_CalculateCRC), (18 bytes).
    Removing stm32f4xx_spi.o(i.SPI_DataSizeConfig), (16 bytes).
    Removing stm32f4xx_spi.o(i.SPI_GetCRC), (10 bytes).
    Removing stm32f4xx_spi.o(i.SPI_GetCRCPolynomial), (4 bytes).
    Removing stm32f4xx_spi.o(i.SPI_I2S_ClearFlag), (6 bytes).
    Removing stm32f4xx_spi.o(i.SPI_I2S_ClearITPendingBit), (16 bytes).
    Removing stm32f4xx_spi.o(i.SPI_I2S_DMACmd), (16 bytes).
    Removing stm32f4xx_spi.o(i.SPI_I2S_GetFlagStatus), (14 bytes).
    Removing stm32f4xx_spi.o(i.SPI_I2S_GetITStatus), (46 bytes).
    Removing stm32f4xx_spi.o(i.SPI_I2S_ITConfig), (26 bytes).
    Removing stm32f4xx_spi.o(i.SPI_I2S_ReceiveData), (4 bytes).
    Removing stm32f4xx_spi.o(i.SPI_I2S_SendData), (4 bytes).
    Removing stm32f4xx_spi.o(i.SPI_NSSInternalSoftwareConfig), (22 bytes).
    Removing stm32f4xx_spi.o(i.SPI_SSOutputCmd), (18 bytes).
    Removing stm32f4xx_spi.o(i.SPI_TIModeCmd), (18 bytes).
    Removing stm32f4xx_spi.o(i.SPI_TransmitCRC), (10 bytes).
    Removing stm32f4xx_it.o(.emb_text), (8 bytes).
    Removing stm32f4xx_it.o(i.bugReport), (30 bytes).
    Removing stm32f411_mcudevice.o(.emb_text), (8 bytes).
    Removing stm32f411_mcudevice.o(i.mcu_AccesConfig), (148 bytes).
    Removing stm32f411_mcudevice.o(i.mcu_ClockConfig), (90 bytes).
    Removing stm32f411_mcudevice.o(i.mcu_UsartConfig), (144 bytes).
    Removing stm32f411_mcuredirect.o(.emb_text), (8 bytes).
    Removing stm32f411_mcuredirect.o(i.Serial_GetChar), (28 bytes).
    Removing stm32f411_mcuredirect.o(i._sys_exit), (2 bytes).
    Removing stm32f411_mcuredirect.o(i._ttywrch), (108 bytes).
    Removing stm32f411_mcuredirect.o(i.ferror), (6 bytes).
    Removing stm32f411_mcuredirect.o(i.fgetc), (28 bytes).
    Removing stm32f411_mcuredirect.o(.data), (4 bytes).
    Removing stm32f411_dspdevice.o(.emb_text), (8 bytes).
    Removing stm32f411_dspdevice.o(i.Display_Delay), (18 bytes).
    Removing stm32f411_dspdevice.o(i.Display_DrawFilledRectangle), (2 bytes).
    Removing stm32f411_dspdevice.o(i.Display_DrawPixel), (144 bytes).
    Removing stm32f411_dspdevice.o(i.Display_GetStringSize), (48 bytes).
    Removing stm32f411_dspdevice.o(i.Display_SendCommand), (56 bytes).
    Removing stm32f411_dspdevice.o(i.Display_SendData), (56 bytes).
    Removing stm32f411_dspdevice.o(i.display_putstr), (60 bytes).
    Removing stm32f411_dspdevice.o(i.newLine), (24 bytes).
    Removing stm32f411_dspdevice.o(.constdata), (1330 bytes).
    Removing stm32f411_dspdevice.o(.data), (8 bytes).
    Removing stm32f411_dspinterface.o(.emb_text), (8 bytes).
    Removing stm32f411_dspinterface.o(i.Display_SPI_GetPrescalerFromMaxFrequency), (80 bytes).
    Removing stm32f411_dspinterface.o(i.Display_SPI_InitFull), (20 bytes).
    Removing stm32f411_dspinterface.o(i.Display_SPI_InitWithMode), (24 bytes).
    Removing stm32f411_dspinterface.o(i.Display_SPI_ReadMulti), (64 bytes).
    Removing stm32f411_dspinterface.o(i.Display_SPI_ReadMulti16), (64 bytes).
    Removing stm32f411_dspinterface.o(i.Display_SPI_Send16), (30 bytes).
    Removing stm32f411_dspinterface.o(i.Display_SPI_SendMulti), (68 bytes).
    Removing stm32f411_dspinterface.o(i.Display_SPI_SendMulti16), (68 bytes).
    Removing stm32f411_dspinterface.o(i.Display_SPI_WriteMulti), (72 bytes).
    Removing stm32f411_dspinterface.o(i.Display_SPI_WriteMulti16), (72 bytes).
    Removing stm32f411_stdfunctions.o(.emb_text), (8 bytes).
    Removing stm32f411_stdfunctions.o(i.dsp_ClockReport), (268 bytes).
    Removing stm32f411_stdfunctions.o(i.mcu_ClockReport), (332 bytes).
    Removing stm32f411_gpsdevice.o(.emb_text), (8 bytes).
    Removing stm32f411_gpsdevice.o(i.NMEA_calDistance), (312 bytes).
    Removing stm32f411_gpsdevice.o(i.NMEA_conCoordinates), (52 bytes).
    Removing stm32f411_gpsdevice.o(i.NMEA_timString), (92 bytes).
    Removing stm32f411_gpsdevice.o(i.USART_SendString), (48 bytes).
    Removing stm32f411_gpsdevice.o(i.gps_UsartConfig), (172 bytes).
    Removing stm32f411_gpscoordinates.o(.emb_text), (8 bytes).
    Removing dneg.o(.text), (6 bytes).
    Removing cdcmple.o(.text), (48 bytes).

154 unused section(s) (total 7332 bytes) removed from the image.

==============================================================================

Image Symbol Table

    Local Symbols

    Symbol Name                              Value     Ov Type        Size  Object(Section)

    ../clib/microlib/ctype/ctype.c           0x00000000   Number         0  islower_o.o ABSOLUTE
    ../clib/microlib/ctype/ctype.c           0x00000000   Number         0  isspace_o.o ABSOLUTE
    ../clib/microlib/ctype/ctype.c           0x00000000   Number         0  isprint_o.o ABSOLUTE
    ../clib/microlib/ctype/ctype.c           0x00000000   Number         0  isalpha_o.o ABSOLUTE
    ../clib/microlib/ctype/ctype.c           0x00000000   Number         0  isspace_c.o ABSOLUTE
    ../clib/microlib/ctype/ctype.c           0x00000000   Number         0  ctype_o.o ABSOLUTE
    ../clib/microlib/ctype/ctype.c           0x00000000   Number         0  isxdigit_o.o ABSOLUTE
    ../clib/microlib/ctype/ctype.c           0x00000000   Number         0  isalnum_o.o ABSOLUTE
    ../clib/microlib/ctype/ctype.c           0x00000000   Number         0  ispunct_o.o ABSOLUTE
    ../clib/microlib/ctype/ctype.c           0x00000000   Number         0  isblank_o.o ABSOLUTE
    ../clib/microlib/ctype/ctype.c           0x00000000   Number         0  iscntrl_o.o ABSOLUTE
    ../clib/microlib/ctype/ctype.c           0x00000000   Number         0  isupper_o.o ABSOLUTE
    ../clib/microlib/ctype/ctype.c           0x00000000   Number         0  isdigit_o.o ABSOLUTE
    ../clib/microlib/ctype/ctype.c           0x00000000   Number         0  ctype_c.o ABSOLUTE
    ../clib/microlib/ctype/ctype.c           0x00000000   Number         0  isgraph_o.o ABSOLUTE
    ../clib/microlib/division.c              0x00000000   Number         0  uidiv.o ABSOLUTE
    ../clib/microlib/division.c              0x00000000   Number         0  uldiv.o ABSOLUTE
    ../clib/microlib/errno.c                 0x00000000   Number         0  errno.o ABSOLUTE
    ../clib/microlib/init/entry.s            0x00000000   Number         0  entry10a.o ABSOLUTE
    ../clib/microlib/init/entry.s            0x00000000   Number         0  entry10b.o ABSOLUTE
    ../clib/microlib/init/entry.s            0x00000000   Number         0  entry11b.o ABSOLUTE
    ../clib/microlib/init/entry.s            0x00000000   Number         0  entry5.o ABSOLUTE
    ../clib/microlib/init/entry.s            0x00000000   Number         0  entry11a.o ABSOLUTE
    ../clib/microlib/init/entry.s            0x00000000   Number         0  entry.o ABSOLUTE
    ../clib/microlib/init/entry.s            0x00000000   Number         0  entry2.o ABSOLUTE
    ../clib/microlib/init/entry.s            0x00000000   Number         0  entry9b.o ABSOLUTE
    ../clib/microlib/init/entry.s            0x00000000   Number         0  entry7a.o ABSOLUTE
    ../clib/microlib/init/entry.s            0x00000000   Number         0  entry9a.o ABSOLUTE
    ../clib/microlib/init/entry.s            0x00000000   Number         0  entry8b.o ABSOLUTE
    ../clib/microlib/init/entry.s            0x00000000   Number         0  entry8a.o ABSOLUTE
    ../clib/microlib/init/entry.s            0x00000000   Number         0  entry7b.o ABSOLUTE
    ../clib/microlib/longlong.c              0x00000000   Number         0  llsshr.o ABSOLUTE
    ../clib/microlib/longlong.c              0x00000000   Number         0  llushr.o ABSOLUTE
    ../clib/microlib/longlong.c              0x00000000   Number         0  llshl.o ABSOLUTE
    ../clib/microlib/printf/printf.c         0x00000000   Number         0  printf0.o ABSOLUTE
    ../clib/microlib/printf/printf.c         0x00000000   Number         0  printf2.o ABSOLUTE
    ../clib/microlib/printf/printf.c         0x00000000   Number         0  printf8.o ABSOLUTE
    ../clib/microlib/printf/printf.c         0x00000000   Number         0  printf7.o ABSOLUTE
    ../clib/microlib/printf/printf.c         0x00000000   Number         0  printf5.o ABSOLUTE
    ../clib/microlib/printf/printf.c         0x00000000   Number         0  printf6.o ABSOLUTE
    ../clib/microlib/printf/printf.c         0x00000000   Number         0  printfb.o ABSOLUTE
    ../clib/microlib/printf/printf.c         0x00000000   Number         0  printf4.o ABSOLUTE
    ../clib/microlib/printf/printf.c         0x00000000   Number         0  printf1.o ABSOLUTE
    ../clib/microlib/printf/printf.c         0x00000000   Number         0  printfa.o ABSOLUTE
    ../clib/microlib/printf/printf.c         0x00000000   Number         0  printf3.o ABSOLUTE
    ../clib/microlib/printf/stubs.s          0x00000000   Number         0  stubs.o ABSOLUTE
    ../clib/microlib/stdio/putc.c            0x00000000   Number         0  putc.o ABSOLUTE
    ../clib/microlib/string/memset.c         0x00000000   Number         0  memseta.o ABSOLUTE
    ../clib/microlib/string/strcat.c         0x00000000   Number         0  strcat.o ABSOLUTE
    ../clib/microlib/string/strcmp.c         0x00000000   Number         0  strcmp.o ABSOLUTE
    ../clib/microlib/string/strcpy.c         0x00000000   Number         0  strcpy.o ABSOLUTE
    ../clib/microlib/string/strncmp.c        0x00000000   Number         0  strncmp.o ABSOLUTE
    ../clib/microlib/string/strncpy.c        0x00000000   Number         0  strncpy.o ABSOLUTE
    ../clib/microlib/string/strtok.c         0x00000000   Number         0  strtok_r.o ABSOLUTE
    ../clib/microlib/string/strtok.c         0x00000000   Number         0  strtok.o ABSOLUTE
    ../clib/microlib/stubs.s                 0x00000000   Number         0  useno.o ABSOLUTE
    ../clib/microlib/stubs.s                 0x00000000   Number         0  iusefp.o ABSOLUTE
    ../clib/scanf.c                          0x00000000   Number         0  _sgetc.o ABSOLUTE
    ../clib/scanf.c                          0x00000000   Number         0  _chval.o ABSOLUTE
    ../clib/scanf.c                          0x00000000   Number         0  atoi.o ABSOLUTE
    ../clib/scanf.c                          0x00000000   Number         0  strtol.o ABSOLUTE
    ../clib/scanf.c                          0x00000000   Number         0  strtod.o ABSOLUTE
    ../clib/scanf.c                          0x00000000   Number         0  _strtoul.o ABSOLUTE
    ../clib/scanf.c                          0x00000000   Number         0  scanf_fp.o ABSOLUTE
    ../fplib/microlib/d2f.c                  0x00000000   Number         0  d2f.o ABSOLUTE
    ../fplib/microlib/f2d.c                  0x00000000   Number         0  f2d.o ABSOLUTE
    ../fplib/microlib/fpadd.c                0x00000000   Number         0  dadd.o ABSOLUTE
    ../fplib/microlib/fpdiv.c                0x00000000   Number         0  ddiv.o ABSOLUTE
    ../fplib/microlib/fpepilogue.c           0x00000000   Number         0  depilogue.o ABSOLUTE
    ../fplib/microlib/fpepilogue.c           0x00000000   Number         0  fepilogue.o ABSOLUTE
    ../fplib/microlib/fpfix.c                0x00000000   Number         0  dfixi.o ABSOLUTE
    ../fplib/microlib/fpfix.c                0x00000000   Number         0  dfixul.o ABSOLUTE
    ../fplib/microlib/fpflt.c                0x00000000   Number         0  dfltul.o ABSOLUTE
    ../fplib/microlib/fpflt.c                0x00000000   Number         0  dfltui.o ABSOLUTE
    ../fplib/microlib/fpflt.c                0x00000000   Number         0  dflti.o ABSOLUTE
    ../fplib/microlib/fpmul.c                0x00000000   Number         0  dmul.o ABSOLUTE
    ../fplib/microlib/fpneg.c                0x00000000   Number         0  dneg.o ABSOLUTE
    ../fplib/microlib/fpsqrt.c               0x00000000   Number         0  dsqrt.o ABSOLUTE
    ../mathlib/acos.c                        0x00000000   Number         0  acos.o ABSOLUTE
    ../mathlib/acos.c                        0x00000000   Number         0  acos_x.o ABSOLUTE
    ../mathlib/cos.c                         0x00000000   Number         0  cos_x.o ABSOLUTE
    ../mathlib/cos.c                         0x00000000   Number         0  cos.o ABSOLUTE
    ../mathlib/cos_i.c                       0x00000000   Number         0  cos_i.o ABSOLUTE
    ../mathlib/dunder.c                      0x00000000   Number         0  dunder.o ABSOLUTE
    ../mathlib/fabs.c                        0x00000000   Number         0  fabs.o ABSOLUTE
    ../mathlib/fpclassify.c                  0x00000000   Number         0  fpclassify.o ABSOLUTE
    ../mathlib/poly.c                        0x00000000   Number         0  poly.o ABSOLUTE
    ../mathlib/rred.c                        0x00000000   Number         0  rred.o ABSOLUTE
    ../mathlib/sin.c                         0x00000000   Number         0  sin_x.o ABSOLUTE
    ../mathlib/sin.c                         0x00000000   Number         0  sin.o ABSOLUTE
    ../mathlib/sin_i.c                       0x00000000   Number         0  sin_i_x.o ABSOLUTE
    ../mathlib/sin_i.c                       0x00000000   Number         0  sin_i.o ABSOLUTE
    ../mathlib/sqrt.c                        0x00000000   Number         0  sqrt_x.o ABSOLUTE
    ../mathlib/sqrt.c                        0x00000000   Number         0  sqrt.o ABSOLUTE
    ../mathlib/strtof.c                      0x00000000   Number         0  strtof.o ABSOLUTE
    Instruction\\stm32f411_dspDevice.c       0x00000000   Number         0  stm32f411_dspdevice.o ABSOLUTE
    Instruction\\stm32f411_dspInterface.c    0x00000000   Number         0  stm32f411_dspinterface.o ABSOLUTE
    Instruction\\stm32f411_gpsCoordinates.c  0x00000000   Number         0  stm32f411_gpscoordinates.o ABSOLUTE
    Instruction\\stm32f411_gpsDevice.c       0x00000000   Number         0  stm32f411_gpsdevice.o ABSOLUTE
    Instruction\\stm32f411_mcuDevice.c       0x00000000   Number         0  stm32f411_mcudevice.o ABSOLUTE
    Instruction\\stm32f411_mcuRedirect.c     0x00000000   Number         0  stm32f411_mcuredirect.o ABSOLUTE
    Instruction\\stm32f411_stdFunctions.c    0x00000000   Number         0  stm32f411_stdfunctions.o ABSOLUTE
    Instruction\stm32f411_dspDevice.c        0x00000000   Number         0  stm32f411_dspdevice.o ABSOLUTE
    Instruction\stm32f411_dspInterface.c     0x00000000   Number         0  stm32f411_dspinterface.o ABSOLUTE
    Instruction\stm32f411_gpsCoordinates.c   0x00000000   Number         0  stm32f411_gpscoordinates.o ABSOLUTE
    Instruction\stm32f411_gpsDevice.c        0x00000000   Number         0  stm32f411_gpsdevice.o ABSOLUTE
    Instruction\stm32f411_mcuDevice.c        0x00000000   Number         0  stm32f411_mcudevice.o ABSOLUTE
    Instruction\stm32f411_mcuRedirect.c      0x00000000   Number         0  stm32f411_mcuredirect.o ABSOLUTE
    Instruction\stm32f411_stdFunctions.c     0x00000000   Number         0  stm32f411_stdfunctions.o ABSOLUTE
    Main\\main.c                             0x00000000   Number         0  main.o ABSOLUTE
    Main\main.c                              0x00000000   Number         0  main.o ABSOLUTE
    Source\\stm32f4xx_exti.c                 0x00000000   Number         0  stm32f4xx_exti.o ABSOLUTE
    Source\\stm32f4xx_gpio.c                 0x00000000   Number         0  stm32f4xx_gpio.o ABSOLUTE
    Source\\stm32f4xx_it.c                   0x00000000   Number         0  stm32f4xx_it.o ABSOLUTE
    Source\\stm32f4xx_nvic.c                 0x00000000   Number         0  stm32f4xx_nvic.o ABSOLUTE
    Source\\stm32f4xx_rcc.c                  0x00000000   Number         0  stm32f4xx_rcc.o ABSOLUTE
    Source\\stm32f4xx_spi.c                  0x00000000   Number         0  stm32f4xx_spi.o ABSOLUTE
    Source\\stm32f4xx_syscfg.c               0x00000000   Number         0  stm32f4xx_syscfg.o ABSOLUTE
    Source\\stm32f4xx_usart.c                0x00000000   Number         0  stm32f4xx_usart.o ABSOLUTE
    Source\\system_stm32f4xx.c               0x00000000   Number         0  system_stm32f4xx.o ABSOLUTE
    Source\startup_stm32f411xe.s             0x00000000   Number         0  startup_stm32f411xe.o ABSOLUTE
    Source\stm32f4xx_exti.c                  0x00000000   Number         0  stm32f4xx_exti.o ABSOLUTE
    Source\stm32f4xx_gpio.c                  0x00000000   Number         0  stm32f4xx_gpio.o ABSOLUTE
    Source\stm32f4xx_it.c                    0x00000000   Number         0  stm32f4xx_it.o ABSOLUTE
    Source\stm32f4xx_nvic.c                  0x00000000   Number         0  stm32f4xx_nvic.o ABSOLUTE
    Source\stm32f4xx_rcc.c                   0x00000000   Number         0  stm32f4xx_rcc.o ABSOLUTE
    Source\stm32f4xx_spi.c                   0x00000000   Number         0  stm32f4xx_spi.o ABSOLUTE
    Source\stm32f4xx_syscfg.c                0x00000000   Number         0  stm32f4xx_syscfg.o ABSOLUTE
    Source\stm32f4xx_usart.c                 0x00000000   Number         0  stm32f4xx_usart.o ABSOLUTE
    Source\system_stm32f4xx.c                0x00000000   Number         0  system_stm32f4xx.o ABSOLUTE
    cdcmple.s                                0x00000000   Number         0  cdcmple.o ABSOLUTE
    cdrcmple.s                               0x00000000   Number         0  cdrcmple.o ABSOLUTE
    dc.s                                     0x00000000   Number         0  dc.o ABSOLUTE
    handlers.s                               0x00000000   Number         0  handlers.o ABSOLUTE
    init.s                                   0x00000000   Number         0  init.o ABSOLUTE
    RESET                                    0x08000000   Section      408  startup_stm32f411xe.o(RESET)
    .ARM.Collect$$$$00000000                 0x08000198   Section        0  entry.o(.ARM.Collect$$$$00000000)
    .ARM.Collect$$$$00000001                 0x08000198   Section        4  entry2.o(.ARM.Collect$$$$00000001)
    .ARM.Collect$$$$00000004                 0x0800019c   Section        4  entry5.o(.ARM.Collect$$$$00000004)
    .ARM.Collect$$$$00000008                 0x080001a0   Section        0  entry7b.o(.ARM.Collect$$$$00000008)
    .ARM.Collect$$$$0000000A                 0x080001a0   Section        0  entry8b.o(.ARM.Collect$$$$0000000A)
    .ARM.Collect$$$$0000000B                 0x080001a0   Section        8  entry9a.o(.ARM.Collect$$$$0000000B)
    .ARM.Collect$$$$0000000D                 0x080001a8   Section        0  entry10a.o(.ARM.Collect$$$$0000000D)
    .ARM.Collect$$$$0000000F                 0x080001a8   Section        0  entry11a.o(.ARM.Collect$$$$0000000F)
    .ARM.Collect$$$$00002712                 0x080001a8   Section        4  entry2.o(.ARM.Collect$$$$00002712)
    __lit__00000000                          0x080001a8   Data           4  entry2.o(.ARM.Collect$$$$00002712)
    .text                                    0x080001ac   Section       36  startup_stm32f411xe.o(.text)
    $v0                                      0x080001ac   Number         0  startup_stm32f411xe.o(.text)
    .text                                    0x080001d0   Section        0  memseta.o(.text)
    .text                                    0x080001f4   Section        0  strcat.o(.text)
    .text                                    0x0800020c   Section        0  strncpy.o(.text)
    .text                                    0x08000224   Section        0  strcmp.o(.text)
    .text                                    0x08000240   Section        0  strcpy.o(.text)
    .text                                    0x08000252   Section        0  strncmp.o(.text)
    .text                                    0x08000270   Section        0  strtok.o(.text)
    .text                                    0x080002b4   Section        0  atoi.o(.text)
    .text                                    0x080002ce   Section        0  dadd.o(.text)
    .text                                    0x0800041c   Section        0  dmul.o(.text)
    .text                                    0x08000500   Section        0  f2d.o(.text)
    .text                                    0x08000526   Section        0  d2f.o(.text)
    .text                                    0x0800055e   Section        0  uidiv.o(.text)
    .text                                    0x0800058a   Section        0  uldiv.o(.text)
    .text                                    0x080005ec   Section        0  llshl.o(.text)
    .text                                    0x0800060a   Section        0  llsshr.o(.text)
    .text                                    0x08000630   Section        0  strtod.o(.text)
    _local_sscanf                            0x08000631   Thumb Code    54  strtod.o(.text)
    .text                                    0x080006cc   Section        0  strtol.o(.text)
    .text                                    0x0800073c   Section        0  iusefp.o(.text)
    .text                                    0x0800073c   Section        0  fepilogue.o(.text)
    .text                                    0x080007aa   Section        0  depilogue.o(.text)
    .text                                    0x08000864   Section        0  ddiv.o(.text)
    .text                                    0x08000942   Section        0  dfixul.o(.text)
    .text                                    0x08000974   Section       48  cdrcmple.o(.text)
    .text                                    0x080009a4   Section       36  init.o(.text)
    .text                                    0x080009c8   Section        0  llushr.o(.text)
    .text                                    0x080009e8   Section        0  ctype_o.o(.text)
    .text                                    0x080009f0   Section        0  isspace_o.o(.text)
    .text                                    0x08000a04   Section        0  scanf_fp.o(.text)
    _fp_value                                0x08000a05   Thumb Code   256  scanf_fp.o(.text)
    .text                                    0x08000d3c   Section        0  _sgetc.o(.text)
    .text                                    0x08000d7c   Section        0  _strtoul.o(.text)
    .text                                    0x08000e1a   Section        0  dsqrt.o(.text)
    .text                                    0x08000ebc   Section        0  dflti.o(.text)
    .text                                    0x08000ede   Section        0  dfltui.o(.text)
    .text                                    0x08000ef8   Section        0  dfixi.o(.text)
    .text                                    0x08000f36   Section        0  _chval.o(.text)
    .text                                    0x08000f52   Section        0  dfltul.o(.text)
    i.BusFault_Handler                       0x08000f6a   Section        0  stm32f4xx_it.o(i.BusFault_Handler)
    i.DebugMon_Handler                       0x08000f6c   Section        0  stm32f4xx_it.o(i.DebugMon_Handler)
    i.Display_Fill                           0x08000f70   Section        0  stm32f411_dspdevice.o(i.Display_Fill)
    i.Display_Init                           0x0800101c   Section        0  stm32f411_dspdevice.o(i.Display_Init)
    i.Display_InitLCD                        0x0800117c   Section        0  stm32f411_dspdevice.o(i.Display_InitLCD)
    i.Display_Rotate                         0x08001e38   Section        0  stm32f411_dspdevice.o(i.Display_Rotate)
    i.Display_SPI1_Init                      0x08001f38   Section        0  stm32f411_dspinterface.o(i.Display_SPI1_Init)
    Display_SPI1_Init                        0x08001f39   Thumb Code   290  stm32f411_dspinterface.o(i.Display_SPI1_Init)
    i.Display_SPI_Init                       0x08002068   Section        0  stm32f411_dspinterface.o(i.Display_SPI_Init)
    i.Display_SPI_Send                       0x0800207e   Section        0  stm32f411_dspinterface.o(i.Display_SPI_Send)
    i.Display_SetCursorPosition              0x080020a0   Section        0  stm32f411_dspdevice.o(i.Display_SetCursorPosition)
    i.EXTI15_10_IRQHandler                   0x08002220   Section        0  stm32f4xx_it.o(i.EXTI15_10_IRQHandler)
    i.EXTI_ClearITPendingBit                 0x08002250   Section        0  stm32f4xx_exti.o(i.EXTI_ClearITPendingBit)
    i.EXTI_GetITStatus                       0x0800225c   Section        0  stm32f4xx_exti.o(i.EXTI_GetITStatus)
    i.EXTI_Init                              0x0800227c   Section        0  stm32f4xx_exti.o(i.EXTI_Init)
    i.GPIO_Init                              0x0800230c   Section        0  stm32f4xx_gpio.o(i.GPIO_Init)
    i.GPIO_PinAFConfig                       0x0800239c   Section        0  stm32f4xx_gpio.o(i.GPIO_PinAFConfig)
    i.GPIO_ResetBits                         0x080023be   Section        0  stm32f4xx_gpio.o(i.GPIO_ResetBits)
    i.GPIO_SetBits                           0x080023c2   Section        0  stm32f4xx_gpio.o(i.GPIO_SetBits)
    i.GPIO_WriteBit                          0x080023c6   Section        0  stm32f4xx_gpio.o(i.GPIO_WriteBit)
    i.HardFault_Handler                      0x080023d0   Section        0  stm32f4xx_it.o(i.HardFault_Handler)
    i.MemManage_Handler                      0x080023ec   Section        0  stm32f4xx_it.o(i.MemManage_Handler)
    i.NMEA_dspString                         0x080023f0   Section        0  stm32f411_gpsdevice.o(i.NMEA_dspString)
    i.NMEA_prtDistance                       0x08002558   Section        0  stm32f411_gpsdevice.o(i.NMEA_prtDistance)
    i.NMEA_prtString                         0x080026a0   Section        0  stm32f411_gpsdevice.o(i.NMEA_prtString)
    i.NMEA_spaBranch                         0x08002928   Section        0  stm32f411_gpsdevice.o(i.NMEA_spaBranch)
    i.NMEA_tokString                         0x08002b94   Section        0  stm32f411_gpsdevice.o(i.NMEA_tokString)
    i.NMI_Handler                            0x08002cfc   Section        0  stm32f4xx_it.o(i.NMI_Handler)
    i.NVIC_Init                              0x08002d00   Section        0  stm32f4xx_nvic.o(i.NVIC_Init)
    i.PendSV_Handler                         0x08002d70   Section        0  stm32f4xx_it.o(i.PendSV_Handler)
    i.RCC_AHB1PeriphClockCmd                 0x08002d74   Section        0  stm32f4xx_rcc.o(i.RCC_AHB1PeriphClockCmd)
    i.RCC_APB1PeriphClockCmd                 0x08002d8c   Section        0  stm32f4xx_rcc.o(i.RCC_APB1PeriphClockCmd)
    i.RCC_APB1PeriphResetCmd                 0x08002da4   Section        0  stm32f4xx_rcc.o(i.RCC_APB1PeriphResetCmd)
    i.RCC_APB2PeriphClockCmd                 0x08002dbc   Section        0  stm32f4xx_rcc.o(i.RCC_APB2PeriphClockCmd)
    i.RCC_APB2PeriphResetCmd                 0x08002dd4   Section        0  stm32f4xx_rcc.o(i.RCC_APB2PeriphResetCmd)
    i.RCC_DeInit                             0x08002dec   Section        0  stm32f4xx_rcc.o(i.RCC_DeInit)
    i.RCC_GetClocksFreq                      0x08002e2c   Section        0  stm32f4xx_rcc.o(i.RCC_GetClocksFreq)
    i.RCC_GetFlagStatus                      0x08002ed4   Section        0  stm32f4xx_rcc.o(i.RCC_GetFlagStatus)
    i.RCC_HCLKConfig                         0x08002f0c   Section        0  stm32f4xx_rcc.o(i.RCC_HCLKConfig)
    i.RCC_HSICmd                             0x08002f20   Section        0  stm32f4xx_rcc.o(i.RCC_HSICmd)
    i.RCC_PCLK1Config                        0x08002f2c   Section        0  stm32f4xx_rcc.o(i.RCC_PCLK1Config)
    i.RCC_PCLK2Config                        0x08002f40   Section        0  stm32f4xx_rcc.o(i.RCC_PCLK2Config)
    i.RCC_PLLCmd                             0x08002f54   Section        0  stm32f4xx_rcc.o(i.RCC_PLLCmd)
    i.RCC_PLLConfig                          0x08002f60   Section        0  stm32f4xx_rcc.o(i.RCC_PLLConfig)
    i.RCC_SYSCLKConfig                       0x08002f88   Section        0  stm32f4xx_rcc.o(i.RCC_SYSCLKConfig)
    i.SPI_Cmd                                0x08002f9c   Section        0  stm32f4xx_spi.o(i.SPI_Cmd)
    i.SPI_I2S_DeInit                         0x08002fae   Section        0  stm32f4xx_spi.o(i.SPI_I2S_DeInit)
    i.SPI_Init                               0x0800300a   Section        0  stm32f4xx_spi.o(i.SPI_Init)
    i.SPI_StructInit                         0x0800305e   Section        0  stm32f4xx_spi.o(i.SPI_StructInit)
    i.SVC_Handler                            0x08003076   Section        0  stm32f4xx_it.o(i.SVC_Handler)
    i.SYSCFG_EXTILineConfig                  0x08003078   Section        0  stm32f4xx_syscfg.o(i.SYSCFG_EXTILineConfig)
    i.Serial_PutChar                         0x080030a8   Section        0  stm32f411_mcuredirect.o(i.Serial_PutChar)
    i.SysTick_Handler                        0x08003114   Section        0  stm32f4xx_it.o(i.SysTick_Handler)
    i.SystemCoreClockUpdate                  0x08003118   Section        0  system_stm32f4xx.o(i.SystemCoreClockUpdate)
    i.SystemInit                             0x0800319c   Section        0  system_stm32f4xx.o(i.SystemInit)
    i.USART6_IRQHandler                      0x08003290   Section        0  stm32f411_gpsdevice.o(i.USART6_IRQHandler)
    i.USART_Cmd                              0x0800332c   Section        0  stm32f4xx_usart.o(i.USART_Cmd)
    i.USART_GetFlagStatus                    0x0800333e   Section        0  stm32f4xx_usart.o(i.USART_GetFlagStatus)
    i.USART_ITConfig                         0x0800334c   Section        0  stm32f4xx_usart.o(i.USART_ITConfig)
    i.USART_Init                             0x0800337c   Section        0  stm32f4xx_usart.o(i.USART_Init)
    i.USART_ReceiveData                      0x08003434   Section        0  stm32f4xx_usart.o(i.USART_ReceiveData)
    i.UsageFault_Handler                     0x0800343c   Section        0  stm32f4xx_it.o(i.UsageFault_Handler)
    i.__0printf                              0x08003440   Section        0  printfa.o(i.__0printf)
    i.__ARM_fpclassify                       0x08003460   Section        0  fpclassify.o(i.__ARM_fpclassify)
    i.__aeabi_errno_addr                     0x08003490   Section        0  errno.o(i.__aeabi_errno_addr)
    i.__hardfp_acos                          0x08003498   Section        0  acos.o(i.__hardfp_acos)
    i.__hardfp_cos                           0x080037f0   Section        0  cos.o(i.__hardfp_cos)
    i.__hardfp_sin                           0x080038b8   Section        0  sin.o(i.__hardfp_sin)
    i.__hardfp_strtof                        0x08003980   Section        0  strtof.o(i.__hardfp_strtof)
    i.__ieee754_rem_pio2                     0x080039b8   Section        0  rred.o(i.__ieee754_rem_pio2)
    i.__kernel_cos                           0x08003df0   Section        0  cos_i.o(i.__kernel_cos)
    i.__kernel_poly                          0x08003f60   Section        0  poly.o(i.__kernel_poly)
    i.__kernel_sin                           0x08004058   Section        0  sin_i.o(i.__kernel_sin)
    i.__mathlib_dbl_infnan                   0x08004188   Section        0  dunder.o(i.__mathlib_dbl_infnan)
    i.__mathlib_dbl_invalid                  0x080041a0   Section        0  dunder.o(i.__mathlib_dbl_invalid)
    i.__mathlib_dbl_underflow                0x080041c0   Section        0  dunder.o(i.__mathlib_dbl_underflow)
    i.__scatterload_copy                     0x080041e0   Section       14  handlers.o(i.__scatterload_copy)
    i.__scatterload_null                     0x080041ee   Section        2  handlers.o(i.__scatterload_null)
    i.__scatterload_zeroinit                 0x080041f0   Section       14  handlers.o(i.__scatterload_zeroinit)
    i.__set_errno                            0x08004200   Section        0  errno.o(i.__set_errno)
    i._fp_digits                             0x0800420c   Section        0  printfa.o(i._fp_digits)
    _fp_digits                               0x0800420d   Thumb Code   334  printfa.o(i._fp_digits)
    i._is_digit                              0x08004370   Section        0  scanf_fp.o(i._is_digit)
    i._printf_core                           0x08004380   Section        0  printfa.o(i._printf_core)
    _printf_core                             0x08004381   Thumb Code  1744  printfa.o(i._printf_core)
    i._printf_post_padding                   0x08004a5c   Section        0  printfa.o(i._printf_post_padding)
    _printf_post_padding                     0x08004a5d   Thumb Code    36  printfa.o(i._printf_post_padding)
    i._printf_pre_padding                    0x08004a80   Section        0  printfa.o(i._printf_pre_padding)
    _printf_pre_padding                      0x08004a81   Thumb Code    46  printfa.o(i._printf_pre_padding)
    i.delay                                  0x08004aae   Section        0  stm32f411_mcudevice.o(i.delay)
    i.delay_led                              0x08004adc   Section        0  stm32f411_mcudevice.o(i.delay_led)
    i.display_putchar                        0x08004b54   Section        0  stm32f411_dspdevice.o(i.display_putchar)
    i.dsp_ClassConfig                        0x08004d10   Section        0  stm32f411_dspdevice.o(i.dsp_ClassConfig)
    i.fabs                                   0x08004d20   Section        0  fabs.o(i.fabs)
    i.fputc                                  0x08004d38   Section        0  stm32f411_mcuredirect.o(i.fputc)
    i.gps_ClassConfig                        0x08004da4   Section        0  stm32f411_gpsdevice.o(i.gps_ClassConfig)
    i.itoa                                   0x08004e50   Section        0  stm32f411_dspdevice.o(i.itoa)
    i.main                                   0x08004ecc   Section        0  main.o(i.main)
    i.mcu_ClassConfig                        0x08004edc   Section        0  stm32f411_mcudevice.o(i.mcu_ClassConfig)
    i.mcu_FloatConfig                        0x08005048   Section        0  system_stm32f4xx.o(i.mcu_FloatConfig)
    i.print                                  0x08005058   Section        0  stm32f411_dspdevice.o(i.print)
    i.putc                                   0x0800519c   Section        0  putc.o(i.putc)
    i.sqrt                                   0x080051a0   Section        0  sqrt.o(i.sqrt)
    .constdata                               0x0800520e   Section     1900  stm32f411_dspdevice.o(.constdata)
    .constdata                               0x0800597c   Section     5208  stm32f411_gpscoordinates.o(.constdata)
    .constdata                               0x08006dd8   Section       80  acos.o(.constdata)
    pS                                       0x08006dd8   Data          48  acos.o(.constdata)
    qS                                       0x08006e08   Data          32  acos.o(.constdata)
    .constdata                               0x08006e28   Section       48  cos_i.o(.constdata)
    C                                        0x08006e28   Data          48  cos_i.o(.constdata)
    .constdata                               0x08006e58   Section      200  rred.o(.constdata)
    pio2s                                    0x08006e58   Data          48  rred.o(.constdata)
    twooverpi                                0x08006e88   Data         152  rred.o(.constdata)
    .constdata                               0x08006f20   Section       40  sin_i.o(.constdata)
    S                                        0x08006f20   Data          40  sin_i.o(.constdata)
    .constdata                               0x08006f48   Section      129  ctype_o.o(.constdata)
    .constdata                               0x08006fcc   Section        4  ctype_o.o(.constdata)
    table                                    0x08006fcc   Data           4  ctype_o.o(.constdata)
    .data                                    0x20000000   Section       20  system_stm32f4xx.o(.data)
    .data                                    0x20000014   Section       16  stm32f4xx_rcc.o(.data)
    APBAHBPrescTable                         0x20000014   Data          16  stm32f4xx_rcc.o(.data)
    .data                                    0x20000024   Section        4  stm32f411_mcuredirect.o(.data)
    .data                                    0x20000028   Section        8  stm32f411_dspdevice.o(.data)
    .data                                    0x20000030   Section       22  stm32f411_dspdevice.o(.data)
    .data                                    0x20000046   Section        3  stm32f411_gpsdevice.o(.data)
    .data                                    0x2000004c   Section        4  strtok.o(.data)
    state                                    0x2000004c   Data           4  strtok.o(.data)
    .data                                    0x20000050   Section        4  errno.o(.data)
    _errno                                   0x20000050   Data           4  errno.o(.data)
    .bss                                     0x20000054   Section      208  stm32f411_gpsdevice.o(.bss)
    STACK                                    0x20000128   Section     1024  startup_stm32f411xe.o(STACK)

    Global Symbols

    Symbol Name                              Value     Ov Type        Size  Object(Section)

    BuildAttributes$$THM_ISAv4$E$P$D$K$B$S$7EM$VFPi3$EXTD16$VFPS$VFMA$PE$A:L22UL41UL21$X:L11$S22US41US21$IEEE1$IW$USESV6$~STKCKD$USESV7$~SHL$OTIME$ROPI$IEEEX$EBA8$MICROLIB$REQ8$PRES8$EABIv2 0x00000000   Number         0  anon$$obj.o ABSOLUTE
    __ARM_use_no_argv                        0x00000000   Number         0  main.o ABSOLUTE
    __use_no_errno                           0x00000000   Number         0  useno.o ABSOLUTE
    __use_no_exception_handling              0x00000000   Number         0  useno.o ABSOLUTE
    __use_no_fp                              0x00000000   Number         0  useno.o ABSOLUTE
    __use_no_heap                            0x00000000   Number         0  useno.o ABSOLUTE
    __use_no_heap_region                     0x00000000   Number         0  useno.o ABSOLUTE
    __use_no_semihosting                     0x00000000   Number         0  useno.o ABSOLUTE
    __use_no_semihosting_swi                 0x00000000   Number         0  useno.o ABSOLUTE
    __use_no_signal_handling                 0x00000000   Number         0  useno.o ABSOLUTE
    _printf_a                                0x00000000   Number         0  stubs.o ABSOLUTE
    _printf_c                                0x00000000   Number         0  stubs.o ABSOLUTE
    _printf_charcount                        0x00000000   Number         0  stubs.o ABSOLUTE
    _printf_d                                0x00000000   Number         0  stubs.o ABSOLUTE
    _printf_e                                0x00000000   Number         0  stubs.o ABSOLUTE
    _printf_f                                0x00000000   Number         0  stubs.o ABSOLUTE
    _printf_flags                            0x00000000   Number         0  stubs.o ABSOLUTE
    _printf_fp_dec                           0x00000000   Number         0  stubs.o ABSOLUTE
    _printf_fp_hex                           0x00000000   Number         0  stubs.o ABSOLUTE
    _printf_g                                0x00000000   Number         0  stubs.o ABSOLUTE
    _printf_i                                0x00000000   Number         0  stubs.o ABSOLUTE
    _printf_int_dec                          0x00000000   Number         0  stubs.o ABSOLUTE
    _printf_l                                0x00000000   Number         0  stubs.o ABSOLUTE
    _printf_lc                               0x00000000   Number         0  stubs.o ABSOLUTE
    _printf_ll                               0x00000000   Number         0  stubs.o ABSOLUTE
    _printf_lld                              0x00000000   Number         0  stubs.o ABSOLUTE
    _printf_lli                              0x00000000   Number         0  stubs.o ABSOLUTE
    _printf_llo                              0x00000000   Number         0  stubs.o ABSOLUTE
    _printf_llu                              0x00000000   Number         0  stubs.o ABSOLUTE
    _printf_llx                              0x00000000   Number         0  stubs.o ABSOLUTE
    _printf_longlong_dec                     0x00000000   Number         0  stubs.o ABSOLUTE
    _printf_longlong_hex                     0x00000000   Number         0  stubs.o ABSOLUTE
    _printf_longlong_oct                     0x00000000   Number         0  stubs.o ABSOLUTE
    _printf_ls                               0x00000000   Number         0  stubs.o ABSOLUTE
    _printf_mbtowc                           0x00000000   Number         0  stubs.o ABSOLUTE
    _printf_n                                0x00000000   Number         0  stubs.o ABSOLUTE
    _printf_o                                0x00000000   Number         0  stubs.o ABSOLUTE
    _printf_p                                0x00000000   Number         0  stubs.o ABSOLUTE
    _printf_percent                          0x00000000   Number         0  stubs.o ABSOLUTE
    _printf_pre_padding                      0x00000000   Number         0  stubs.o ABSOLUTE
    _printf_return_value                     0x00000000   Number         0  stubs.o ABSOLUTE
    _printf_s                                0x00000000   Number         0  stubs.o ABSOLUTE
    _printf_sizespec                         0x00000000   Number         0  stubs.o ABSOLUTE
    _printf_str                              0x00000000   Number         0  stubs.o ABSOLUTE
    _printf_truncate_signed                  0x00000000   Number         0  stubs.o ABSOLUTE
    _printf_truncate_unsigned                0x00000000   Number         0  stubs.o ABSOLUTE
    _printf_u                                0x00000000   Number         0  stubs.o ABSOLUTE
    _printf_wc                               0x00000000   Number         0  stubs.o ABSOLUTE
    _printf_wctomb                           0x00000000   Number         0  stubs.o ABSOLUTE
    _printf_widthprec                        0x00000000   Number         0  stubs.o ABSOLUTE
    _printf_x                                0x00000000   Number         0  stubs.o ABSOLUTE
    __cpp_initialize__aeabi_                  - Undefined Weak Reference
    __cxa_finalize                            - Undefined Weak Reference
    __decompress                              - Undefined Weak Reference
    _clock_init                               - Undefined Weak Reference
    _microlib_exit                            - Undefined Weak Reference
    __Vectors_Size                           0x00000198   Number         0  startup_stm32f411xe.o ABSOLUTE
    __Vectors                                0x08000000   Data           4  startup_stm32f411xe.o(RESET)
    __Vectors_End                            0x08000198   Data           0  startup_stm32f411xe.o(RESET)
    __main                                   0x08000199   Thumb Code     0  entry.o(.ARM.Collect$$$$00000000)
    _main_stk                                0x08000199   Thumb Code     0  entry2.o(.ARM.Collect$$$$00000001)
    _main_scatterload                        0x0800019d   Thumb Code     0  entry5.o(.ARM.Collect$$$$00000004)
    __main_after_scatterload                 0x080001a1   Thumb Code     0  entry5.o(.ARM.Collect$$$$00000004)
    _main_clock                              0x080001a1   Thumb Code     0  entry7b.o(.ARM.Collect$$$$00000008)
    _main_cpp_init                           0x080001a1   Thumb Code     0  entry8b.o(.ARM.Collect$$$$0000000A)
    _main_init                               0x080001a1   Thumb Code     0  entry9a.o(.ARM.Collect$$$$0000000B)
    __rt_final_cpp                           0x080001a9   Thumb Code     0  entry10a.o(.ARM.Collect$$$$0000000D)
    __rt_final_exit                          0x080001a9   Thumb Code     0  entry11a.o(.ARM.Collect$$$$0000000F)
    Reset_Handler                            0x080001ad   Thumb Code     8  startup_stm32f411xe.o(.text)
    ADC_IRQHandler                           0x080001c7   Thumb Code     0  startup_stm32f411xe.o(.text)
    DMA1_Stream0_IRQHandler                  0x080001c7   Thumb Code     0  startup_stm32f411xe.o(.text)
    DMA1_Stream1_IRQHandler                  0x080001c7   Thumb Code     0  startup_stm32f411xe.o(.text)
    DMA1_Stream2_IRQHandler                  0x080001c7   Thumb Code     0  startup_stm32f411xe.o(.text)
    DMA1_Stream3_IRQHandler                  0x080001c7   Thumb Code     0  startup_stm32f411xe.o(.text)
    DMA1_Stream4_IRQHandler                  0x080001c7   Thumb Code     0  startup_stm32f411xe.o(.text)
    DMA1_Stream5_IRQHandler                  0x080001c7   Thumb Code     0  startup_stm32f411xe.o(.text)
    DMA1_Stream6_IRQHandler                  0x080001c7   Thumb Code     0  startup_stm32f411xe.o(.text)
    DMA1_Stream7_IRQHandler                  0x080001c7   Thumb Code     0  startup_stm32f411xe.o(.text)
    DMA2_Stream0_IRQHandler                  0x080001c7   Thumb Code     0  startup_stm32f411xe.o(.text)
    DMA2_Stream1_IRQHandler                  0x080001c7   Thumb Code     0  startup_stm32f411xe.o(.text)
    DMA2_Stream2_IRQHandler                  0x080001c7   Thumb Code     0  startup_stm32f411xe.o(.text)
    DMA2_Stream3_IRQHandler                  0x080001c7   Thumb Code     0  startup_stm32f411xe.o(.text)
    DMA2_Stream4_IRQHandler                  0x080001c7   Thumb Code     0  startup_stm32f411xe.o(.text)
    DMA2_Stream5_IRQHandler                  0x080001c7   Thumb Code     0  startup_stm32f411xe.o(.text)
    DMA2_Stream6_IRQHandler                  0x080001c7   Thumb Code     0  startup_stm32f411xe.o(.text)
    DMA2_Stream7_IRQHandler                  0x080001c7   Thumb Code     0  startup_stm32f411xe.o(.text)
    EXTI0_IRQHandler                         0x080001c7   Thumb Code     0  startup_stm32f411xe.o(.text)
    EXTI1_IRQHandler                         0x080001c7   Thumb Code     0  startup_stm32f411xe.o(.text)
    EXTI2_IRQHandler                         0x080001c7   Thumb Code     0  startup_stm32f411xe.o(.text)
    EXTI3_IRQHandler                         0x080001c7   Thumb Code     0  startup_stm32f411xe.o(.text)
    EXTI4_IRQHandler                         0x080001c7   Thumb Code     0  startup_stm32f411xe.o(.text)
    EXTI9_5_IRQHandler                       0x080001c7   Thumb Code     0  startup_stm32f411xe.o(.text)
    FLASH_IRQHandler                         0x080001c7   Thumb Code     0  startup_stm32f411xe.o(.text)
    FPU_IRQHandler                           0x080001c7   Thumb Code     0  startup_stm32f411xe.o(.text)
    I2C1_ER_IRQHandler                       0x080001c7   Thumb Code     0  startup_stm32f411xe.o(.text)
    I2C1_EV_IRQHandler                       0x080001c7   Thumb Code     0  startup_stm32f411xe.o(.text)
    I2C2_ER_IRQHandler                       0x080001c7   Thumb Code     0  startup_stm32f411xe.o(.text)
    I2C2_EV_IRQHandler                       0x080001c7   Thumb Code     0  startup_stm32f411xe.o(.text)
    I2C3_ER_IRQHandler                       0x080001c7   Thumb Code     0  startup_stm32f411xe.o(.text)
    I2C3_EV_IRQHandler                       0x080001c7   Thumb Code     0  startup_stm32f411xe.o(.text)
    OTG_FS_IRQHandler                        0x080001c7   Thumb Code     0  startup_stm32f411xe.o(.text)
    OTG_FS_WKUP_IRQHandler                   0x080001c7   Thumb Code     0  startup_stm32f411xe.o(.text)
    PVD_IRQHandler                           0x080001c7   Thumb Code     0  startup_stm32f411xe.o(.text)
    RCC_IRQHandler                           0x080001c7   Thumb Code     0  startup_stm32f411xe.o(.text)
    RTC_Alarm_IRQHandler                     0x080001c7   Thumb Code     0  startup_stm32f411xe.o(.text)
    RTC_WKUP_IRQHandler                      0x080001c7   Thumb Code     0  startup_stm32f411xe.o(.text)
    SDIO_IRQHandler                          0x080001c7   Thumb Code     0  startup_stm32f411xe.o(.text)
    SPI1_IRQHandler                          0x080001c7   Thumb Code     0  startup_stm32f411xe.o(.text)
    SPI2_IRQHandler                          0x080001c7   Thumb Code     0  startup_stm32f411xe.o(.text)
    SPI3_IRQHandler                          0x080001c7   Thumb Code     0  startup_stm32f411xe.o(.text)
    SPI4_IRQHandler                          0x080001c7   Thumb Code     0  startup_stm32f411xe.o(.text)
    SPI5_IRQHandler                          0x080001c7   Thumb Code     0  startup_stm32f411xe.o(.text)
    TAMP_STAMP_IRQHandler                    0x080001c7   Thumb Code     0  startup_stm32f411xe.o(.text)
    TIM1_BRK_TIM9_IRQHandler                 0x080001c7   Thumb Code     0  startup_stm32f411xe.o(.text)
    TIM1_CC_IRQHandler                       0x080001c7   Thumb Code     0  startup_stm32f411xe.o(.text)
    TIM1_TRG_COM_TIM11_IRQHandler            0x080001c7   Thumb Code     0  startup_stm32f411xe.o(.text)
    TIM1_UP_TIM10_IRQHandler                 0x080001c7   Thumb Code     0  startup_stm32f411xe.o(.text)
    TIM2_IRQHandler                          0x080001c7   Thumb Code     0  startup_stm32f411xe.o(.text)
    TIM3_IRQHandler                          0x080001c7   Thumb Code     0  startup_stm32f411xe.o(.text)
    TIM4_IRQHandler                          0x080001c7   Thumb Code     0  startup_stm32f411xe.o(.text)
    TIM5_IRQHandler                          0x080001c7   Thumb Code     0  startup_stm32f411xe.o(.text)
    USART1_IRQHandler                        0x080001c7   Thumb Code     0  startup_stm32f411xe.o(.text)
    USART2_IRQHandler                        0x080001c7   Thumb Code     0  startup_stm32f411xe.o(.text)
    WWDG_IRQHandler                          0x080001c7   Thumb Code     0  startup_stm32f411xe.o(.text)
    __aeabi_memset                           0x080001d1   Thumb Code    14  memseta.o(.text)
    __aeabi_memset4                          0x080001d1   Thumb Code     0  memseta.o(.text)
    __aeabi_memset8                          0x080001d1   Thumb Code     0  memseta.o(.text)
    __aeabi_memclr                           0x080001df   Thumb Code     4  memseta.o(.text)
    __aeabi_memclr4                          0x080001df   Thumb Code     0  memseta.o(.text)
    __aeabi_memclr8                          0x080001df   Thumb Code     0  memseta.o(.text)
    _memset$wrapper                          0x080001e3   Thumb Code    18  memseta.o(.text)
    strcat                                   0x080001f5   Thumb Code    24  strcat.o(.text)
    strncpy                                  0x0800020d   Thumb Code    24  strncpy.o(.text)
    strcmp                                   0x08000225   Thumb Code    28  strcmp.o(.text)
    strcpy                                   0x08000241   Thumb Code    18  strcpy.o(.text)
    strncmp                                  0x08000253   Thumb Code    30  strncmp.o(.text)
    strtok                                   0x08000271   Thumb Code    62  strtok.o(.text)
    atoi                                     0x080002b5   Thumb Code    26  atoi.o(.text)
    __aeabi_dadd                             0x080002cf   Thumb Code   322  dadd.o(.text)
    __aeabi_dsub                             0x08000411   Thumb Code     6  dadd.o(.text)
    __aeabi_drsub                            0x08000417   Thumb Code     6  dadd.o(.text)
    __aeabi_dmul                             0x0800041d   Thumb Code   228  dmul.o(.text)
    __aeabi_f2d                              0x08000501   Thumb Code    38  f2d.o(.text)
    __aeabi_d2f                              0x08000527   Thumb Code    56  d2f.o(.text)
    __aeabi_uidiv                            0x0800055f   Thumb Code     0  uidiv.o(.text)
    __aeabi_uidivmod                         0x0800055f   Thumb Code    44  uidiv.o(.text)
    __aeabi_uldivmod                         0x0800058b   Thumb Code    98  uldiv.o(.text)
    __aeabi_llsl                             0x080005ed   Thumb Code    30  llshl.o(.text)
    _ll_shift_l                              0x080005ed   Thumb Code     0  llshl.o(.text)
    __aeabi_lasr                             0x0800060b   Thumb Code    36  llsshr.o(.text)
    _ll_sshift_r                             0x0800060b   Thumb Code     0  llsshr.o(.text)
    __strtod_int                             0x08000667   Thumb Code    88  strtod.o(.text)
    strtol                                   0x080006cd   Thumb Code   112  strtol.o(.text)
    __I$use$fp                               0x0800073d   Thumb Code     0  iusefp.o(.text)
    _float_round                             0x0800073d   Thumb Code    18  fepilogue.o(.text)
    _float_epilogue                          0x0800074f   Thumb Code    92  fepilogue.o(.text)
    _double_round                            0x080007ab   Thumb Code    30  depilogue.o(.text)
    _double_epilogue                         0x080007c9   Thumb Code   156  depilogue.o(.text)
    __aeabi_ddiv                             0x08000865   Thumb Code   222  ddiv.o(.text)
    __aeabi_d2ulz                            0x08000943   Thumb Code    48  dfixul.o(.text)
    __aeabi_cdrcmple                         0x08000975   Thumb Code    48  cdrcmple.o(.text)
    __scatterload                            0x080009a5   Thumb Code    28  init.o(.text)
    __scatterload_rt2                        0x080009a5   Thumb Code     0  init.o(.text)
    __aeabi_llsr                             0x080009c9   Thumb Code    32  llushr.o(.text)
    _ll_ushift_r                             0x080009c9   Thumb Code     0  llushr.o(.text)
    __rt_ctype_table                         0x080009e9   Thumb Code     4  ctype_o.o(.text)
    isspace                                  0x080009f1   Thumb Code    18  isspace_o.o(.text)
    _scanf_real                              0x08000b05   Thumb Code     0  scanf_fp.o(.text)
    _scanf_really_real                       0x08000b05   Thumb Code   556  scanf_fp.o(.text)
    _sgetc                                   0x08000d3d   Thumb Code    30  _sgetc.o(.text)
    _sbackspace                              0x08000d5b   Thumb Code    34  _sgetc.o(.text)
    _strtoul                                 0x08000d7d   Thumb Code   158  _strtoul.o(.text)
    _dsqrt                                   0x08000e1b   Thumb Code   162  dsqrt.o(.text)
    __aeabi_i2d                              0x08000ebd   Thumb Code    34  dflti.o(.text)
    __aeabi_ui2d                             0x08000edf   Thumb Code    26  dfltui.o(.text)
    __aeabi_d2iz                             0x08000ef9   Thumb Code    62  dfixi.o(.text)
    _chval                                   0x08000f37   Thumb Code    28  _chval.o(.text)
    __aeabi_ul2d                             0x08000f53   Thumb Code    24  dfltul.o(.text)
    BusFault_Handler                         0x08000f6b   Thumb Code     2  stm32f4xx_it.o(i.BusFault_Handler)
    DebugMon_Handler                         0x08000f6d   Thumb Code     2  stm32f4xx_it.o(i.DebugMon_Handler)
    Display_Fill                             0x08000f71   Thumb Code   156  stm32f411_dspdevice.o(i.Display_Fill)
    Display_Init                             0x0800101d   Thumb Code   328  stm32f411_dspdevice.o(i.Display_Init)
    Display_InitLCD                          0x0800117d   Thumb Code  3254  stm32f411_dspdevice.o(i.Display_InitLCD)
    Display_Rotate                           0x08001e39   Thumb Code   238  stm32f411_dspdevice.o(i.Display_Rotate)
    Display_SPI_Init                         0x08002069   Thumb Code    22  stm32f411_dspinterface.o(i.Display_SPI_Init)
    Display_SPI_Send                         0x0800207f   Thumb Code    32  stm32f411_dspinterface.o(i.Display_SPI_Send)
    Display_SetCursorPosition                0x080020a1   Thumb Code   372  stm32f411_dspdevice.o(i.Display_SetCursorPosition)
    EXTI15_10_IRQHandler                     0x08002221   Thumb Code    46  stm32f4xx_it.o(i.EXTI15_10_IRQHandler)
    EXTI_ClearITPendingBit                   0x08002251   Thumb Code     6  stm32f4xx_exti.o(i.EXTI_ClearITPendingBit)
    EXTI_GetITStatus                         0x0800225d   Thumb Code    24  stm32f4xx_exti.o(i.EXTI_GetITStatus)
    EXTI_Init                                0x0800227d   Thumb Code   134  stm32f4xx_exti.o(i.EXTI_Init)
    GPIO_Init                                0x0800230d   Thumb Code   144  stm32f4xx_gpio.o(i.GPIO_Init)
    GPIO_PinAFConfig                         0x0800239d   Thumb Code    34  stm32f4xx_gpio.o(i.GPIO_PinAFConfig)
    GPIO_ResetBits                           0x080023bf   Thumb Code     4  stm32f4xx_gpio.o(i.GPIO_ResetBits)
    GPIO_SetBits                             0x080023c3   Thumb Code     4  stm32f4xx_gpio.o(i.GPIO_SetBits)
    GPIO_WriteBit                            0x080023c7   Thumb Code    10  stm32f4xx_gpio.o(i.GPIO_WriteBit)
    HardFault_Handler                        0x080023d1   Thumb Code    28  stm32f4xx_it.o(i.HardFault_Handler)
    MemManage_Handler                        0x080023ed   Thumb Code     2  stm32f4xx_it.o(i.MemManage_Handler)
    NMEA_dspString                           0x080023f1   Thumb Code   166  stm32f411_gpsdevice.o(i.NMEA_dspString)
    NMEA_prtDistance                         0x08002559   Thumb Code   190  stm32f411_gpsdevice.o(i.NMEA_prtDistance)
    NMEA_prtString                           0x080026a1   Thumb Code   372  stm32f411_gpsdevice.o(i.NMEA_prtString)
    NMEA_spaBranch                           0x08002929   Thumb Code   460  stm32f411_gpsdevice.o(i.NMEA_spaBranch)
    NMEA_tokString                           0x08002b95   Thumb Code   268  stm32f411_gpsdevice.o(i.NMEA_tokString)
    NMI_Handler                              0x08002cfd   Thumb Code     2  stm32f4xx_it.o(i.NMI_Handler)
    NVIC_Init                                0x08002d01   Thumb Code   106  stm32f4xx_nvic.o(i.NVIC_Init)
    PendSV_Handler                           0x08002d71   Thumb Code     2  stm32f4xx_it.o(i.PendSV_Handler)
    RCC_AHB1PeriphClockCmd                   0x08002d75   Thumb Code    18  stm32f4xx_rcc.o(i.RCC_AHB1PeriphClockCmd)
    RCC_APB1PeriphClockCmd                   0x08002d8d   Thumb Code    18  stm32f4xx_rcc.o(i.RCC_APB1PeriphClockCmd)
    RCC_APB1PeriphResetCmd                   0x08002da5   Thumb Code    18  stm32f4xx_rcc.o(i.RCC_APB1PeriphResetCmd)
    RCC_APB2PeriphClockCmd                   0x08002dbd   Thumb Code    18  stm32f4xx_rcc.o(i.RCC_APB2PeriphClockCmd)
    RCC_APB2PeriphResetCmd                   0x08002dd5   Thumb Code    18  stm32f4xx_rcc.o(i.RCC_APB2PeriphResetCmd)
    RCC_DeInit                               0x08002ded   Thumb Code    48  stm32f4xx_rcc.o(i.RCC_DeInit)
    RCC_GetClocksFreq                        0x08002e2d   Thumb Code   150  stm32f4xx_rcc.o(i.RCC_GetClocksFreq)
    RCC_GetFlagStatus                        0x08002ed5   Thumb Code    44  stm32f4xx_rcc.o(i.RCC_GetFlagStatus)
    RCC_HCLKConfig                           0x08002f0d   Thumb Code    14  stm32f4xx_rcc.o(i.RCC_HCLKConfig)
    RCC_HSICmd                               0x08002f21   Thumb Code     6  stm32f4xx_rcc.o(i.RCC_HSICmd)
    RCC_PCLK1Config                          0x08002f2d   Thumb Code    14  stm32f4xx_rcc.o(i.RCC_PCLK1Config)
    RCC_PCLK2Config                          0x08002f41   Thumb Code    16  stm32f4xx_rcc.o(i.RCC_PCLK2Config)
    RCC_PLLCmd                               0x08002f55   Thumb Code     6  stm32f4xx_rcc.o(i.RCC_PLLCmd)
    RCC_PLLConfig                            0x08002f61   Thumb Code    30  stm32f4xx_rcc.o(i.RCC_PLLConfig)
    RCC_SYSCLKConfig                         0x08002f89   Thumb Code    14  stm32f4xx_rcc.o(i.RCC_SYSCLKConfig)
    SPI_Cmd                                  0x08002f9d   Thumb Code    18  stm32f4xx_spi.o(i.SPI_Cmd)
    SPI_I2S_DeInit                           0x08002faf   Thumb Code    92  stm32f4xx_spi.o(i.SPI_I2S_DeInit)
    SPI_Init                                 0x0800300b   Thumb Code    84  stm32f4xx_spi.o(i.SPI_Init)
    SPI_StructInit                           0x0800305f   Thumb Code    24  stm32f4xx_spi.o(i.SPI_StructInit)
    SVC_Handler                              0x08003077   Thumb Code     2  stm32f4xx_it.o(i.SVC_Handler)
    SYSCFG_EXTILineConfig                    0x08003079   Thumb Code    46  stm32f4xx_syscfg.o(i.SYSCFG_EXTILineConfig)
    Serial_PutChar                           0x080030a9   Thumb Code    80  stm32f411_mcuredirect.o(i.Serial_PutChar)
    SysTick_Handler                          0x08003115   Thumb Code     2  stm32f4xx_it.o(i.SysTick_Handler)
    SystemCoreClockUpdate                    0x08003119   Thumb Code   112  system_stm32f4xx.o(i.SystemCoreClockUpdate)
    SystemInit                               0x0800319d   Thumb Code   210  system_stm32f4xx.o(i.SystemInit)
    USART6_IRQHandler                        0x08003291   Thumb Code   126  stm32f411_gpsdevice.o(i.USART6_IRQHandler)
    USART_Cmd                                0x0800332d   Thumb Code    18  stm32f4xx_usart.o(i.USART_Cmd)
    USART_GetFlagStatus                      0x0800333f   Thumb Code    14  stm32f4xx_usart.o(i.USART_GetFlagStatus)
    USART_ITConfig                           0x0800334d   Thumb Code    48  stm32f4xx_usart.o(i.USART_ITConfig)
    USART_Init                               0x0800337d   Thumb Code   180  stm32f4xx_usart.o(i.USART_Init)
    USART_ReceiveData                        0x08003435   Thumb Code     8  stm32f4xx_usart.o(i.USART_ReceiveData)
    UsageFault_Handler                       0x0800343d   Thumb Code     2  stm32f4xx_it.o(i.UsageFault_Handler)
    __0printf                                0x08003441   Thumb Code    22  printfa.o(i.__0printf)
    __1printf                                0x08003441   Thumb Code     0  printfa.o(i.__0printf)
    __2printf                                0x08003441   Thumb Code     0  printfa.o(i.__0printf)
    __c89printf                              0x08003441   Thumb Code     0  printfa.o(i.__0printf)
    printf                                   0x08003441   Thumb Code     0  printfa.o(i.__0printf)
    __ARM_fpclassify                         0x08003461   Thumb Code    48  fpclassify.o(i.__ARM_fpclassify)
    __aeabi_errno_addr                       0x08003491   Thumb Code     4  errno.o(i.__aeabi_errno_addr)
    __rt_errno_addr                          0x08003491   Thumb Code     0  errno.o(i.__aeabi_errno_addr)
    __hardfp_acos                            0x08003499   Thumb Code   738  acos.o(i.__hardfp_acos)
    __hardfp_cos                             0x080037f1   Thumb Code   180  cos.o(i.__hardfp_cos)
    __hardfp_sin                             0x080038b9   Thumb Code   180  sin.o(i.__hardfp_sin)
    __hardfp_strtof                          0x08003981   Thumb Code    42  strtof.o(i.__hardfp_strtof)
    __ieee754_rem_pio2                       0x080039b9   Thumb Code   938  rred.o(i.__ieee754_rem_pio2)
    __kernel_cos                             0x08003df1   Thumb Code   322  cos_i.o(i.__kernel_cos)
    __kernel_poly                            0x08003f61   Thumb Code   248  poly.o(i.__kernel_poly)
    __kernel_sin                             0x08004059   Thumb Code   280  sin_i.o(i.__kernel_sin)
    __mathlib_dbl_infnan                     0x08004189   Thumb Code    20  dunder.o(i.__mathlib_dbl_infnan)
    __mathlib_dbl_invalid                    0x080041a1   Thumb Code    24  dunder.o(i.__mathlib_dbl_invalid)
    __mathlib_dbl_underflow                  0x080041c1   Thumb Code    24  dunder.o(i.__mathlib_dbl_underflow)
    __scatterload_copy                       0x080041e1   Thumb Code    14  handlers.o(i.__scatterload_copy)
    __scatterload_null                       0x080041ef   Thumb Code     2  handlers.o(i.__scatterload_null)
    __scatterload_zeroinit                   0x080041f1   Thumb Code    14  handlers.o(i.__scatterload_zeroinit)
    __set_errno                              0x08004201   Thumb Code     6  errno.o(i.__set_errno)
    _is_digit                                0x08004371   Thumb Code    14  scanf_fp.o(i._is_digit)
    delay                                    0x08004aaf   Thumb Code    46  stm32f411_mcudevice.o(i.delay)
    delay_led                                0x08004add   Thumb Code   116  stm32f411_mcudevice.o(i.delay_led)
    display_putchar                          0x08004b55   Thumb Code   428  stm32f411_dspdevice.o(i.display_putchar)
    dsp_ClassConfig                          0x08004d11   Thumb Code    16  stm32f411_dspdevice.o(i.dsp_ClassConfig)
    fabs                                     0x08004d21   Thumb Code    24  fabs.o(i.fabs)
    fputc                                    0x08004d39   Thumb Code    80  stm32f411_mcuredirect.o(i.fputc)
    gps_ClassConfig                          0x08004da5   Thumb Code   162  stm32f411_gpsdevice.o(i.gps_ClassConfig)
    itoa                                     0x08004e51   Thumb Code   106  stm32f411_dspdevice.o(i.itoa)
    main                                     0x08004ecd   Thumb Code    14  main.o(i.main)
    mcu_ClassConfig                          0x08004edd   Thumb Code   352  stm32f411_mcudevice.o(i.mcu_ClassConfig)
    mcu_FloatConfig                          0x08005049   Thumb Code    12  system_stm32f4xx.o(i.mcu_FloatConfig)
    print                                    0x08005059   Thumb Code   310  stm32f411_dspdevice.o(i.print)
    putc                                     0x0800519d   Thumb Code     4  putc.o(i.putc)
    sqrt                                     0x080051a1   Thumb Code   110  sqrt.o(i.sqrt)
    Font_Type7x10                            0x0800520e   Data        1900  stm32f411_dspdevice.o(.constdata)
    waypoints                                0x0800597c   Data        5208  stm32f411_gpscoordinates.o(.constdata)
    __ctype_table                            0x08006f48   Data         129  ctype_o.o(.constdata)
    Region$$Table$$Base                      0x08006fd0   Number         0  anon$$obj.o(Region$$Table)
    Region$$Table$$Limit                     0x08006ff0   Number         0  anon$$obj.o(Region$$Table)
    SystemCoreClock                          0x20000000   Data           4  system_stm32f4xx.o(.data)
    AHBPrescTable                            0x20000004   Data          16  system_stm32f4xx.o(.data)
    __stdout                                 0x20000024   Data           4  stm32f411_mcuredirect.o(.data)
    Font_7x10                                0x20000028   Data           8  stm32f411_dspdevice.o(.data)
    gDCPx                                    0x20000030   Data           2  stm32f411_dspdevice.o(.data)
    gDCPy                                    0x20000032   Data           2  stm32f411_dspdevice.o(.data)
    font                                     0x20000034   Data           4  stm32f411_dspdevice.o(.data)
    font_fg                                  0x20000038   Data           4  stm32f411_dspdevice.o(.data)
    font_bg                                  0x2000003c   Data           4  stm32f411_dspdevice.o(.data)
    Diaplay_Opts                             0x20000040   Data           6  stm32f411_dspdevice.o(.data)
    usartFlag                                0x20000046   Data           1  stm32f411_gpsdevice.o(.data)
    flag                                     0x20000047   Data           1  stm32f411_gpsdevice.o(.data)
    usartReceive                             0x20000048   Data           1  stm32f411_gpsdevice.o(.data)
    strNMEA                                  0x20000054   Data         100  stm32f411_gpsdevice.o(.bss)
    time                                     0x200000b8   Data          12  stm32f411_gpsdevice.o(.bss)
    nmea                                     0x200000c4   Data          96  stm32f411_gpsdevice.o(.bss)
    __initial_sp                             0x20000528   Data           0  startup_stm32f411xe.o(STACK)



==============================================================================

Memory Map of the image

  Image Entry point : 0x08000199

  Load Region LR_IROM1 (Base: 0x08000000, Size: 0x00007044, Max: 0x00080000, ABSOLUTE)

    Execution Region ER_IROM1 (Base: 0x08000000, Size: 0x00006ff0, Max: 0x00080000, ABSOLUTE)

    Base Addr    Size         Type   Attr      Idx    E Section Name        Object

    0x08000000   0x00000198   Data   RO          146    RESET               startup_stm32f411xe.o
    0x08000198   0x00000000   Code   RO         1606  * .ARM.Collect$$$$00000000  mc_w.l(entry.o)
    0x08000198   0x00000004   Code   RO         1942    .ARM.Collect$$$$00000001  mc_w.l(entry2.o)
    0x0800019c   0x00000004   Code   RO         1945    .ARM.Collect$$$$00000004  mc_w.l(entry5.o)
    0x080001a0   0x00000000   Code   RO         1947    .ARM.Collect$$$$00000008  mc_w.l(entry7b.o)
    0x080001a0   0x00000000   Code   RO         1949    .ARM.Collect$$$$0000000A  mc_w.l(entry8b.o)
    0x080001a0   0x00000008   Code   RO         1950    .ARM.Collect$$$$0000000B  mc_w.l(entry9a.o)
    0x080001a8   0x00000000   Code   RO         1952    .ARM.Collect$$$$0000000D  mc_w.l(entry10a.o)
    0x080001a8   0x00000000   Code   RO         1954    .ARM.Collect$$$$0000000F  mc_w.l(entry11a.o)
    0x080001a8   0x00000004   Code   RO         1943    .ARM.Collect$$$$00002712  mc_w.l(entry2.o)
    0x080001ac   0x00000024   Code   RO          147    .text               startup_stm32f411xe.o
    0x080001d0   0x00000024   Code   RO         1611    .text               mc_w.l(memseta.o)
    0x080001f4   0x00000018   Code   RO         1613    .text               mc_w.l(strcat.o)
    0x0800020c   0x00000018   Code   RO         1615    .text               mc_w.l(strncpy.o)
    0x08000224   0x0000001c   Code   RO         1617    .text               mc_w.l(strcmp.o)
    0x08000240   0x00000012   Code   RO         1619    .text               mc_w.l(strcpy.o)
    0x08000252   0x0000001e   Code   RO         1621    .text               mc_w.l(strncmp.o)
    0x08000270   0x00000044   Code   RO         1623    .text               mc_w.l(strtok.o)
    0x080002b4   0x0000001a   Code   RO         1890    .text               mc_w.l(atoi.o)
    0x080002ce   0x0000014e   Code   RO         1892    .text               mf_w.l(dadd.o)
    0x0800041c   0x000000e4   Code   RO         1894    .text               mf_w.l(dmul.o)
    0x08000500   0x00000026   Code   RO         1896    .text               mf_w.l(f2d.o)
    0x08000526   0x00000038   Code   RO         1898    .text               mf_w.l(d2f.o)
    0x0800055e   0x0000002c   Code   RO         1956    .text               mc_w.l(uidiv.o)
    0x0800058a   0x00000062   Code   RO         1958    .text               mc_w.l(uldiv.o)
    0x080005ec   0x0000001e   Code   RO         1960    .text               mc_w.l(llshl.o)
    0x0800060a   0x00000024   Code   RO         1962    .text               mc_w.l(llsshr.o)
    0x0800062e   0x00000002   PAD
    0x08000630   0x0000009c   Code   RO         1971    .text               mc_w.l(strtod.o)
    0x080006cc   0x00000070   Code   RO         1973    .text               mc_w.l(strtol.o)
    0x0800073c   0x00000000   Code   RO         1975    .text               mc_w.l(iusefp.o)
    0x0800073c   0x0000006e   Code   RO         1976    .text               mf_w.l(fepilogue.o)
    0x080007aa   0x000000ba   Code   RO         1978    .text               mf_w.l(depilogue.o)
    0x08000864   0x000000de   Code   RO         1980    .text               mf_w.l(ddiv.o)
    0x08000942   0x00000030   Code   RO         1984    .text               mf_w.l(dfixul.o)
    0x08000972   0x00000002   PAD
    0x08000974   0x00000030   Code   RO         1986    .text               mf_w.l(cdrcmple.o)
    0x080009a4   0x00000024   Code   RO         1996    .text               mc_w.l(init.o)
    0x080009c8   0x00000020   Code   RO         1998    .text               mc_w.l(llushr.o)
    0x080009e8   0x00000008   Code   RO         2002    .text               mc_w.l(ctype_o.o)
    0x080009f0   0x00000012   Code   RO         2024    .text               mc_w.l(isspace_o.o)
    0x08000a02   0x00000002   PAD
    0x08000a04   0x00000338   Code   RO         2030    .text               mc_w.l(scanf_fp.o)
    0x08000d3c   0x00000040   Code   RO         2034    .text               mc_w.l(_sgetc.o)
    0x08000d7c   0x0000009e   Code   RO         2036    .text               mc_w.l(_strtoul.o)
    0x08000e1a   0x000000a2   Code   RO         2038    .text               mf_w.l(dsqrt.o)
    0x08000ebc   0x00000022   Code   RO         2040    .text               mf_w.l(dflti.o)
    0x08000ede   0x0000001a   Code   RO         2042    .text               mf_w.l(dfltui.o)
    0x08000ef8   0x0000003e   Code   RO         2044    .text               mf_w.l(dfixi.o)
    0x08000f36   0x0000001c   Code   RO         2051    .text               mc_w.l(_chval.o)
    0x08000f52   0x00000018   Code   RO         2053    .text               mf_w.l(dfltul.o)
    0x08000f6a   0x00000002   Code   RO         1044    i.BusFault_Handler  stm32f4xx_it.o
    0x08000f6c   0x00000002   Code   RO         1045    i.DebugMon_Handler  stm32f4xx_it.o
    0x08000f6e   0x00000002   PAD
    0x08000f70   0x000000ac   Code   RO         1238    i.Display_Fill      stm32f411_dspdevice.o
    0x0800101c   0x00000160   Code   RO         1240    i.Display_Init      stm32f411_dspdevice.o
    0x0800117c   0x00000cbc   Code   RO         1241    i.Display_InitLCD   stm32f411_dspdevice.o
    0x08001e38   0x00000100   Code   RO         1242    i.Display_Rotate    stm32f411_dspdevice.o
    0x08001f38   0x00000130   Code   RO         1358    i.Display_SPI1_Init  stm32f411_dspinterface.o
    0x08002068   0x00000016   Code   RO         1360    i.Display_SPI_Init  stm32f411_dspinterface.o
    0x0800207e   0x00000020   Code   RO         1365    i.Display_SPI_Send  stm32f411_dspinterface.o
    0x0800209e   0x00000002   PAD
    0x080020a0   0x00000180   Code   RO         1245    i.Display_SetCursorPosition  stm32f411_dspdevice.o
    0x08002220   0x0000002e   Code   RO         1046    i.EXTI15_10_IRQHandler  stm32f4xx_it.o
    0x0800224e   0x00000002   PAD
    0x08002250   0x0000000c   Code   RO          551    i.EXTI_ClearITPendingBit  stm32f4xx_exti.o
    0x0800225c   0x00000020   Code   RO          555    i.EXTI_GetITStatus  stm32f4xx_exti.o
    0x0800227c   0x00000090   Code   RO          556    i.EXTI_Init         stm32f4xx_exti.o
    0x0800230c   0x00000090   Code   RO          417    i.GPIO_Init         stm32f4xx_gpio.o
    0x0800239c   0x00000022   Code   RO          418    i.GPIO_PinAFConfig  stm32f4xx_gpio.o
    0x080023be   0x00000004   Code   RO          424    i.GPIO_ResetBits    stm32f4xx_gpio.o
    0x080023c2   0x00000004   Code   RO          425    i.GPIO_SetBits      stm32f4xx_gpio.o
    0x080023c6   0x0000000a   Code   RO          429    i.GPIO_WriteBit     stm32f4xx_gpio.o
    0x080023d0   0x0000001c   Code   RO         1047    i.HardFault_Handler  stm32f4xx_it.o
    0x080023ec   0x00000002   Code   RO         1048    i.MemManage_Handler  stm32f4xx_it.o
    0x080023ee   0x00000002   PAD
    0x080023f0   0x00000168   Code   RO         1468    i.NMEA_dspString    stm32f411_gpsdevice.o
    0x08002558   0x00000148   Code   RO         1469    i.NMEA_prtDistance  stm32f411_gpsdevice.o
    0x080026a0   0x00000284   Code   RO         1470    i.NMEA_prtString    stm32f411_gpsdevice.o
    0x08002924   0x00000004   PAD
    0x08002928   0x0000026c   Code   RO         1471    i.NMEA_spaBranch    stm32f411_gpsdevice.o
    0x08002b94   0x00000168   Code   RO         1473    i.NMEA_tokString    stm32f411_gpsdevice.o
    0x08002cfc   0x00000002   Code   RO         1049    i.NMI_Handler       stm32f4xx_it.o
    0x08002cfe   0x00000002   PAD
    0x08002d00   0x00000070   Code   RO          510    i.NVIC_Init         stm32f4xx_nvic.o
    0x08002d70   0x00000002   Code   RO         1050    i.PendSV_Handler    stm32f4xx_it.o
    0x08002d72   0x00000002   PAD
    0x08002d74   0x00000018   Code   RO          608    i.RCC_AHB1PeriphClockCmd  stm32f4xx_rcc.o
    0x08002d8c   0x00000018   Code   RO          617    i.RCC_APB1PeriphClockCmd  stm32f4xx_rcc.o
    0x08002da4   0x00000018   Code   RO          619    i.RCC_APB1PeriphResetCmd  stm32f4xx_rcc.o
    0x08002dbc   0x00000018   Code   RO          620    i.RCC_APB2PeriphClockCmd  stm32f4xx_rcc.o
    0x08002dd4   0x00000018   Code   RO          622    i.RCC_APB2PeriphResetCmd  stm32f4xx_rcc.o
    0x08002dec   0x00000040   Code   RO          628    i.RCC_DeInit        stm32f4xx_rcc.o
    0x08002e2c   0x000000a8   Code   RO          629    i.RCC_GetClocksFreq  stm32f4xx_rcc.o
    0x08002ed4   0x00000038   Code   RO          630    i.RCC_GetFlagStatus  stm32f4xx_rcc.o
    0x08002f0c   0x00000014   Code   RO          633    i.RCC_HCLKConfig    stm32f4xx_rcc.o
    0x08002f20   0x0000000c   Code   RO          635    i.RCC_HSICmd        stm32f4xx_rcc.o
    0x08002f2c   0x00000014   Code   RO          642    i.RCC_PCLK1Config   stm32f4xx_rcc.o
    0x08002f40   0x00000014   Code   RO          643    i.RCC_PCLK2Config   stm32f4xx_rcc.o
    0x08002f54   0x0000000c   Code   RO          644    i.RCC_PLLCmd        stm32f4xx_rcc.o
    0x08002f60   0x00000028   Code   RO          645    i.RCC_PLLConfig     stm32f4xx_rcc.o
    0x08002f88   0x00000014   Code   RO          650    i.RCC_SYSCLKConfig  stm32f4xx_rcc.o
    0x08002f9c   0x00000012   Code   RO          890    i.SPI_Cmd           stm32f4xx_spi.o
    0x08002fae   0x0000005c   Code   RO          897    i.SPI_I2S_DeInit    stm32f4xx_spi.o
    0x0800300a   0x00000054   Code   RO          903    i.SPI_Init          stm32f4xx_spi.o
    0x0800305e   0x00000018   Code   RO          906    i.SPI_StructInit    stm32f4xx_spi.o
    0x08003076   0x00000002   Code   RO         1051    i.SVC_Handler       stm32f4xx_it.o
    0x08003078   0x0000002e   Code   RO          189    i.SYSCFG_EXTILineConfig  stm32f4xx_syscfg.o
    0x080030a6   0x00000002   PAD
    0x080030a8   0x0000006c   Code   RO         1171    i.Serial_PutChar    stm32f411_mcuredirect.o
    0x08003114   0x00000002   Code   RO         1052    i.SysTick_Handler   stm32f4xx_it.o
    0x08003116   0x00000002   PAD
    0x08003118   0x00000084   Code   RO          152    i.SystemCoreClockUpdate  system_stm32f4xx.o
    0x0800319c   0x000000f4   Code   RO          153    i.SystemInit        system_stm32f4xx.o
    0x08003290   0x0000009c   Code   RO         1474    i.USART6_IRQHandler  stm32f411_gpsdevice.o
    0x0800332c   0x00000012   Code   RO          236    i.USART_Cmd         stm32f4xx_usart.o
    0x0800333e   0x0000000e   Code   RO          239    i.USART_GetFlagStatus  stm32f4xx_usart.o
    0x0800334c   0x00000030   Code   RO          242    i.USART_ITConfig    stm32f4xx_usart.o
    0x0800337c   0x000000b8   Code   RO          243    i.USART_Init        stm32f4xx_usart.o
    0x08003434   0x00000008   Code   RO          250    i.USART_ReceiveData  stm32f4xx_usart.o
    0x0800343c   0x00000002   Code   RO         1053    i.UsageFault_Handler  stm32f4xx_it.o
    0x0800343e   0x00000002   PAD
    0x08003440   0x00000020   Code   RO         1862    i.__0printf         mc_w.l(printfa.o)
    0x08003460   0x00000030   Code   RO         1994    i.__ARM_fpclassify  m_wm.l(fpclassify.o)
    0x08003490   0x00000008   Code   RO         1964    i.__aeabi_errno_addr  mc_w.l(errno.o)
    0x08003498   0x00000358   Code   RO         1562    i.__hardfp_acos     m_wm.l(acos.o)
    0x080037f0   0x000000c8   Code   RO         1576    i.__hardfp_cos      m_wm.l(cos.o)
    0x080038b8   0x000000c8   Code   RO         1588    i.__hardfp_sin      m_wm.l(sin.o)
    0x08003980   0x00000038   Code   RO         1600    i.__hardfp_strtof   m_wm.l(strtof.o)
    0x080039b8   0x00000438   Code   RO         1919    i.__ieee754_rem_pio2  m_wm.l(rred.o)
    0x08003df0   0x00000170   Code   RO         1900    i.__kernel_cos      m_wm.l(cos_i.o)
    0x08003f60   0x000000f8   Code   RO         1917    i.__kernel_poly     m_wm.l(poly.o)
    0x08004058   0x00000130   Code   RO         1924    i.__kernel_sin      m_wm.l(sin_i.o)
    0x08004188   0x00000014   Code   RO         1904    i.__mathlib_dbl_infnan  m_wm.l(dunder.o)
    0x0800419c   0x00000004   PAD
    0x080041a0   0x00000020   Code   RO         1906    i.__mathlib_dbl_invalid  m_wm.l(dunder.o)
    0x080041c0   0x00000020   Code   RO         1909    i.__mathlib_dbl_underflow  m_wm.l(dunder.o)
    0x080041e0   0x0000000e   Code   RO         2057    i.__scatterload_copy  mc_w.l(handlers.o)
    0x080041ee   0x00000002   Code   RO         2058    i.__scatterload_null  mc_w.l(handlers.o)
    0x080041f0   0x0000000e   Code   RO         2059    i.__scatterload_zeroinit  mc_w.l(handlers.o)
    0x080041fe   0x00000002   PAD
    0x08004200   0x0000000c   Code   RO         1966    i.__set_errno       mc_w.l(errno.o)
    0x0800420c   0x00000164   Code   RO         1869    i._fp_digits        mc_w.l(printfa.o)
    0x08004370   0x0000000e   Code   RO         2032    i._is_digit         mc_w.l(scanf_fp.o)
    0x0800437e   0x00000002   PAD
    0x08004380   0x000006dc   Code   RO         1870    i._printf_core      mc_w.l(printfa.o)
    0x08004a5c   0x00000024   Code   RO         1871    i._printf_post_padding  mc_w.l(printfa.o)
    0x08004a80   0x0000002e   Code   RO         1872    i._printf_pre_padding  mc_w.l(printfa.o)
    0x08004aae   0x0000002e   Code   RO         1127    i.delay             stm32f411_mcudevice.o
    0x08004adc   0x00000078   Code   RO         1128    i.delay_led         stm32f411_mcudevice.o
    0x08004b54   0x000001bc   Code   RO         1246    i.display_putchar   stm32f411_dspdevice.o
    0x08004d10   0x00000010   Code   RO         1248    i.dsp_ClassConfig   stm32f411_dspdevice.o
    0x08004d20   0x00000018   Code   RO         1990    i.fabs              m_wm.l(fabs.o)
    0x08004d38   0x0000006c   Code   RO         1176    i.fputc             stm32f411_mcuredirect.o
    0x08004da4   0x000000ac   Code   RO         1476    i.gps_ClassConfig   stm32f411_gpsdevice.o
    0x08004e50   0x0000007c   Code   RO         1249    i.itoa              stm32f411_dspdevice.o
    0x08004ecc   0x0000000e   Code   RO            2    i.main              main.o
    0x08004eda   0x00000002   PAD
    0x08004edc   0x0000016c   Code   RO         1130    i.mcu_ClassConfig   stm32f411_mcudevice.o
    0x08005048   0x00000010   Code   RO          154    i.mcu_FloatConfig   system_stm32f4xx.o
    0x08005058   0x00000144   Code   RO         1251    i.print             stm32f411_dspdevice.o
    0x0800519c   0x00000004   Code   RO         1609    i.putc              mc_w.l(putc.o)
    0x080051a0   0x0000006e   Code   RO         1932    i.sqrt              m_wm.l(sqrt.o)
    0x0800520e   0x0000076c   Data   RO         1253    .constdata          stm32f411_dspdevice.o
    0x0800597a   0x00000002   PAD
    0x0800597c   0x00001458   Data   RO         1550    .constdata          stm32f411_gpscoordinates.o
    0x08006dd4   0x00000004   PAD
    0x08006dd8   0x00000050   Data   RO         1565    .constdata          m_wm.l(acos.o)
    0x08006e28   0x00000030   Data   RO         1901    .constdata          m_wm.l(cos_i.o)
    0x08006e58   0x000000c8   Data   RO         1921    .constdata          m_wm.l(rred.o)
    0x08006f20   0x00000028   Data   RO         1925    .constdata          m_wm.l(sin_i.o)
    0x08006f48   0x00000081   Data   RO         2003    .constdata          mc_w.l(ctype_o.o)
    0x08006fc9   0x00000003   PAD
    0x08006fcc   0x00000004   Data   RO         2004    .constdata          mc_w.l(ctype_o.o)
    0x08006fd0   0x00000020   Data   RO         2055    Region$$Table       anon$$obj.o


    Execution Region RW_IRAM1 (Base: 0x20000000, Size: 0x00000528, Max: 0x00020000, ABSOLUTE)

    Base Addr    Size         Type   Attr      Idx    E Section Name        Object

    0x20000000   0x00000014   Data   RW          155    .data               system_stm32f4xx.o
    0x20000014   0x00000010   Data   RW          652    .data               stm32f4xx_rcc.o
    0x20000024   0x00000004   Data   RW         1177    .data               stm32f411_mcuredirect.o
    0x20000028   0x00000008   Data   RW         1255    .data               stm32f411_dspdevice.o
    0x20000030   0x00000016   Data   RW         1256    .data               stm32f411_dspdevice.o
    0x20000046   0x00000003   Data   RW         1479    .data               stm32f411_gpsdevice.o
    0x20000049   0x00000003   PAD
    0x2000004c   0x00000004   Data   RW         1624    .data               mc_w.l(strtok.o)
    0x20000050   0x00000004   Data   RW         1967    .data               mc_w.l(errno.o)
    0x20000054   0x000000d0   Zero   RW         1478    .bss                stm32f411_gpsdevice.o
    0x20000124   0x00000004   PAD
    0x20000128   0x00000400   Zero   RW          144    STACK               startup_stm32f411xe.o


==============================================================================

Image component sizes


      Code (inc. data)   RO Data    RW Data    ZI Data      Debug   Object Name

        14          0          0          0          0     249991   main.o
        36          8        408          0       1024        916   startup_stm32f411xe.o
      5332        144       1900         30          0      22284   stm32f411_dspdevice.o
       358         14          0          0          0       3085   stm32f411_dspinterface.o
         0          0       5208          0          0        720   stm32f411_gpscoordinates.o
      2640        896          0          3        208       8359   stm32f411_gpsdevice.o
       530         16          0          0          0       3410   stm32f411_mcudevice.o
       216         56          0          4          0       3652   stm32f411_mcuredirect.o
       188         24          0          0          0       2404   stm32f4xx_exti.o
       196          0          0          0          0       3915   stm32f4xx_gpio.o
        90          0          0          0          0       7063   stm32f4xx_it.o
       112          6          0          0          0       1220   stm32f4xx_nvic.o
       552        120          0         16          0      11964   stm32f4xx_rcc.o
       218          0          0          0          0       3355   stm32f4xx_spi.o
        46          0          0          0          0        716   stm32f4xx_syscfg.o
       272          4          0          0          0       4556   stm32f4xx_usart.o
       392         58          0         20          0       3051   system_stm32f4xx.o

    ----------------------------------------------------------------------
     11216       1350       7554         76       1236     330661   Object Totals
         0          0         32          0          0          0   (incl. Generated)
        24          4          6          3          4          0   (incl. Padding)

    ----------------------------------------------------------------------

      Code (inc. data)   RO Data    RW Data    ZI Data      Debug   Library Member Name

       856        118         80          0          0        288   acos.o
       200         20          0          0          0        164   cos.o
       368         46         48          0          0        200   cos_i.o
        84         16          0          0          0        372   dunder.o
        24          0          0          0          0        124   fabs.o
        48          0          0          0          0        124   fpclassify.o
       248          0          0          0          0        152   poly.o
      1080        142        200          0          0        188   rred.o
       200         20          0          0          0        164   sin.o
       304         24         40          0          0        208   sin_i.o
       110          0          0          0          0        148   sqrt.o
        56         14          0          0          0        128   strtof.o
        28          0          0          0          0         68   _chval.o
        64          0          0          0          0         84   _sgetc.o
       158          0          0          0          0         92   _strtoul.o
        26          0          0          0          0         80   atoi.o
         8          4        133          0          0         68   ctype_o.o
         0          0          0          0          0          0   entry.o
         0          0          0          0          0          0   entry10a.o
         0          0          0          0          0          0   entry11a.o
         8          4          0          0          0          0   entry2.o
         4          0          0          0          0          0   entry5.o
         0          0          0          0          0          0   entry7b.o
         0          0          0          0          0          0   entry8b.o
         8          4          0          0          0          0   entry9a.o
        20         10          0          4          0        136   errno.o
        30          0          0          0          0          0   handlers.o
        36          8          0          0          0         68   init.o
        18          0          0          0          0         76   isspace_o.o
         0          0          0          0          0          0   iusefp.o
        30          0          0          0          0         68   llshl.o
        36          0          0          0          0         68   llsshr.o
        32          0          0          0          0         68   llushr.o
        36          0          0          0          0        108   memseta.o
      2226         90          0          0          0        444   printfa.o
         4          0          0          0          0         68   putc.o
       838         12          0          0          0        216   scanf_fp.o
        24          0          0          0          0         68   strcat.o
        28          0          0          0          0         76   strcmp.o
        18          0          0          0          0         68   strcpy.o
        30          0          0          0          0         80   strncmp.o
        24          0          0          0          0         76   strncpy.o
       156         14          0          0          0        120   strtod.o
        68          6          0          4          0         80   strtok.o
       112          0          0          0          0         88   strtol.o
        44          0          0          0          0         80   uidiv.o
        98          0          0          0          0         92   uldiv.o
        48          0          0          0          0         68   cdrcmple.o
        56          0          0          0          0         88   d2f.o
       334          0          0          0          0        148   dadd.o
       222          0          0          0          0        100   ddiv.o
       186          0          0          0          0        176   depilogue.o
        62          0          0          0          0         80   dfixi.o
        48          0          0          0          0         68   dfixul.o
        34          0          0          0          0         76   dflti.o
        26          0          0          0          0         76   dfltui.o
        24          0          0          0          0         76   dfltul.o
       228          0          0          0          0         96   dmul.o
       162          0          0          0          0        100   dsqrt.o
        38          0          0          0          0         68   f2d.o
       110          0          0          0          0        168   fepilogue.o

    ----------------------------------------------------------------------
      9382        552        504          8          0       6188   Library Totals
        14          0          3          0          0          0   (incl. Padding)

    ----------------------------------------------------------------------

      Code (inc. data)   RO Data    RW Data    ZI Data      Debug   Library Name

      3578        400        368          0          0       2260   m_wm.l
      4212        152        133          8          0       2540   mc_w.l
      1578          0          0          0          0       1388   mf_w.l

    ----------------------------------------------------------------------
      9382        552        504          8          0       6188   Library Totals

    ----------------------------------------------------------------------

==============================================================================


      Code (inc. data)   RO Data    RW Data    ZI Data      Debug   

     20598       1902       8058         84       1236     327021   Grand Totals
     20598       1902       8058         84       1236     327021   ELF Image Totals
     20598       1902       8058         84          0          0   ROM Totals

==============================================================================

    Total RO  Size (Code + RO Data)                28656 (  27.98kB)
    Total RW  Size (RW Data + ZI Data)              1320 (   1.29kB)
    Total ROM Size (Code + RO Data + RW Data)      28740 (  28.07kB)

==============================================================================

